Archive member included because of file (symbol)

/home/pi/git/esp-open-sdk/sdk/lib/libmain.a(debug-vector.o)
                              (_DebugExceptionVector)
/home/pi/git/esp-open-sdk/sdk/lib/libmain.a(double-vector.o)
                              (_DoubleExceptionVector)
/home/pi/git/esp-open-sdk/sdk/lib/libmain.a(kernel-vector.o)
                              (_KernelExceptionVector)
/home/pi/git/esp-open-sdk/sdk/lib/libmain.a(nmi-vector.o)
                              (_NMIExceptionVector)
/home/pi/git/esp-open-sdk/sdk/lib/libmain.a(user-vector.o)
                              (_UserExceptionVector)
/home/pi/git/esp-open-sdk/sdk/lib/libmain.a(vector.o)
                              (call_user_start)
/home/pi/git/esp-open-sdk/sdk/lib/libmain.a(app_main.o)
                              /home/pi/git/esp-open-sdk/sdk/lib/libmain.a(nmi-vector.o) (NMI_Handler)
/home/pi/git/esp-open-sdk/sdk/lib/libmain.a(ets_timer.o)
                              /home/pi/git/esp-open-sdk/sdk/lib/libmain.a(app_main.o) (ets_timer_setfn)
/home/pi/git/esp-open-sdk/sdk/lib/libmain.a(mem_manager.o)
                              /home/pi/git/esp-open-sdk/sdk/lib/libmain.a(app_main.o) (vPortFree)
/home/pi/git/esp-open-sdk/sdk/lib/libmain.a(spi_flash.o)
                              /home/pi/git/esp-open-sdk/sdk/lib/libmain.a(app_main.o) (spi_flash_get_id)
/home/pi/git/esp-open-sdk/sdk/lib/libmain.a(user_interface.o)
                              /home/pi/git/esp-open-sdk/sdk/lib/libmain.a(app_main.o) (done_cb)
/home/pi/git/esp-open-sdk/sdk/lib/libmain.a(user_rf_cal_sector_set.o)
                              /home/pi/git/esp-open-sdk/sdk/lib/libmain.a(app_main.o) (user_rf_cal_sector_set)
/home/pi/git/esp-open-sdk/sdk/lib/libmain.a(eagle_lib.o)
                              /home/pi/git/esp-open-sdk/sdk/lib/libmain.a(user_interface.o) (ets_sprintf)
/home/pi/git/esp-open-sdk/sdk/lib/libmain.a(eagle_lwip_if.o)
                              /home/pi/git/esp-open-sdk/sdk/lib/libmain.a(user_interface.o) (hostname)
/home/pi/git/Sming/Sming/compiler/lib//libsming.a(user_main.o)
                              /home/pi/git/esp-open-sdk/sdk/lib/libmain.a(app_main.o) (user_init)
/home/pi/git/Sming/Sming/compiler/lib//libsming.a(System.o)
                              /home/pi/git/Sming/Sming/compiler/lib//libsming.a(user_main.o) (_ZN11SystemClass10initializeEv)
/home/pi/git/Sming/Sming/compiler/lib//libsming.a(esp_cplusplus.o)
                              /home/pi/git/Sming/Sming/compiler/lib//libsming.a(user_main.o) (cpp_core_initialize)
/home/pi/git/Sming/Sming/compiler/lib//libsming.a(m_printf.o)
                              /home/pi/git/Sming/Sming/compiler/lib//libsming.a(esp_cplusplus.o) (m_printf)
/home/pi/git/Sming/Sming/compiler/lib//libsming.a(IPAddress.o)
                              /home/pi/git/Sming/Sming/compiler/lib//libsming.a(user_main.o) (_ZN9IPAddressC1Ehhhh)
/home/pi/git/Sming/Sming/compiler/lib//libsming.a(Print.o)
                              /home/pi/git/Sming/Sming/compiler/lib//libsming.a(IPAddress.o) (_ZN5Print5printEc)
/home/pi/git/Sming/Sming/compiler/lib//libsming.a(WString.o)
                              /home/pi/git/Sming/Sming/compiler/lib//libsming.a(IPAddress.o) (_ZN6StringD1Ev)
/home/pi/git/Sming/Sming/compiler/lib//libsming.a(Interrupts.o)
                              /home/pi/git/Sming/Sming/compiler/lib//libsming.a(System.o) (_Z12noInterruptsv)
/home/pi/git/Sming/Sming/compiler/lib//libsming.a(Digital.o)
                              /home/pi/git/Sming/Sming/compiler/lib//libsming.a(Interrupts.o) (_Z7pinModeth)
/home/pi/git/Sming/Sming/compiler/lib//libsming.a(stringconversion.o)
                              /home/pi/git/Sming/Sming/compiler/lib//libsming.a(m_printf.o) (ltoa_w)
out/build/app_app.a(application.o)
                              /home/pi/git/Sming/Sming/compiler/lib//libsming.a(user_main.o) (_Z4initv)
/home/pi/git/Sming/Sming/compiler/lib//libmicroc.a(isspace.o)
                              /home/pi/git/Sming/Sming/compiler/lib//libsming.a(WString.o) (isspace)
/home/pi/git/Sming/Sming/compiler/lib//libmicroc.a(tolower.o)
                              /home/pi/git/Sming/Sming/compiler/lib//libsming.a(WString.o) (tolower)
/home/pi/git/Sming/Sming/compiler/lib//libmicroc.a(toupper.o)
                              /home/pi/git/Sming/Sming/compiler/lib//libsming.a(WString.o) (toupper)
/home/pi/git/Sming/Sming/compiler/lib//libmicroc.a(atof.o)
                              /home/pi/git/Sming/Sming/compiler/lib//libsming.a(WString.o) (atof)
/home/pi/git/Sming/Sming/compiler/lib//libmicroc.a(atoi.o)
                              /home/pi/git/Sming/Sming/compiler/lib//libsming.a(WString.o) (atoi)
/home/pi/git/Sming/Sming/compiler/lib//libmicroc.a(strtod.o)
                              /home/pi/git/Sming/Sming/compiler/lib//libmicroc.a(atof.o) (strtod)
/home/pi/git/Sming/Sming/compiler/lib//libmicroc.a(__fpclassify.o)
[...]
Memory Configuration

Name             Origin             Length             Attributes
dport0_0_seg     0x3ff00000         0x00000010
dram0_0_seg      0x3ffe8000         0x00014000
iram1_0_seg      0x40100000         0x00008000
irom0_0_seg      0x40209000         0x00042000
*default*        0x00000000         0xffffffff

Linker script and memory map

START GROUP
LOAD /home/pi/git/Sming/Sming/compiler/lib//libmicroc.a
LOAD /home/pi/git/Sming/Sming/compiler/lib//libmicrogcc.a
LOAD /home/pi/git/esp-open-sdk/xtensa-lx106-elf/xtensa-lx106-elf/sysroot/usr/lib/libhal.a
LOAD /home/pi/git/esp-open-sdk/sdk/lib/libphy.a
LOAD /home/pi/git/esp-open-sdk/sdk/lib/libpp.a
LOAD /home/pi/git/esp-open-sdk/sdk/lib/libnet80211.a
LOAD /home/pi/git/esp-open-sdk/sdk/lib/liblwip.a
LOAD /home/pi/git/esp-open-sdk/sdk/lib/libwpa.a
LOAD /home/pi/git/esp-open-sdk/sdk/lib/libmain.a
LOAD /home/pi/git/Sming/Sming/compiler/lib//libsming.a
LOAD /home/pi/git/esp-open-sdk/sdk/lib/libcrypto.a
LOAD /home/pi/git/esp-open-sdk/sdk/lib/libpwm.a
LOAD /home/pi/git/esp-open-sdk/sdk/lib/libsmartconfig.a
LOAD out/build/app_app.a
END GROUP
                0x40000000                PROVIDE (_memmap_vecbase_reset, 0x40000000)
                0x00000110                _memmap_cacheattr_wb_base = 0x110
                0x00000110                _memmap_cacheattr_wt_base = 0x110
                0x00000220                _memmap_cacheattr_bp_base = 0x220
                0xfffff00f                _memmap_cacheattr_unused_mask = 0xfffff00f
                0x2222211f                _memmap_cacheattr_wb_trapnull = 0x2222211f
                0x2222211f                _memmap_cacheattr_wba_trapnull = 0x2222211f
                0x2222211f                _memmap_cacheattr_wbna_trapnull = 0x2222211f
                0x2222211f                _memmap_cacheattr_wt_trapnull = 0x2222211f
                0x2222222f                _memmap_cacheattr_bp_trapnull = 0x2222222f
                0xfffff11f                _memmap_cacheattr_wb_strict = 0xfffff11f
                0xfffff11f                _memmap_cacheattr_wt_strict = 0xfffff11f
                0xfffff22f                _memmap_cacheattr_bp_strict = 0xfffff22f
                0x22222112                _memmap_cacheattr_wb_allvalid = 0x22222112
                0x22222112                _memmap_cacheattr_wt_allvalid = 0x22222112
                0x22222222                _memmap_cacheattr_bp_allvalid = 0x22222222
                0x2222211f                PROVIDE (_memmap_cacheattr_reset, _memmap_cacheattr_wb_trapnull)

.dport0.rodata  0x3ff00000        0x0
                0x3ff00000                _dport0_rodata_start = ABSOLUTE (.)
 *(.dport0.rodata)
 *(.dport.rodata)
                0x3ff00000                _dport0_rodata_end = ABSOLUTE (.)

.dport0.literal
                0x3ff00000        0x0
                0x3ff00000                _dport0_literal_start = ABSOLUTE (.)
 *(.dport0.literal)
 *(.dport.literal)
                0x3ff00000                _dport0_literal_end = ABSOLUTE (.)

.dport0.data    0x3ff00000        0x0
                0x3ff00000                _dport0_data_start = ABSOLUTE (.)
 *(.dport0.data)
 *(.dport.data)
                0x3ff00000                _dport0_data_end = ABSOLUTE (.)

.data           0x3ffe8000      0x374
                0x3ffe8000                _data_start = ABSOLUTE (.)
 *(.data)
 .data          0x3ffe8000        0x4 /home/pi/git/esp-open-sdk/sdk/lib/libmain.a(nmi-vector.o)
                0x3ffe8000                _Pri_3_HandlerAddress
 .data          0x3ffe8004        0x1 /home/pi/git/esp-open-sdk/sdk/lib/libmain.a(app_main.o)
 *fill*         0x3ffe8005        0x3 
 .data          0x3ffe8008        0x6 /home/pi/git/esp-open-sdk/sdk/lib/libmain.a(user_interface.o)
                0x3ffe8009                timer2_ms_flag
                0x3ffe800a                dhcps_flag
                0x3ffe800b                dhcpc_flag
                0x3ffe800d                reconnect_internal
 *fill*         0x3ffe800e        0x2 
 .data          0x3ffe8010        0x1 /home/pi/git/esp-open-sdk/sdk/lib/libmain.a(eagle_lwip_if.o)
                0x3ffe8010                default_hostname
 *fill*         0x3ffe8011        0xf 
 .data          0x3ffe8020       0x53 /home/pi/git/esp-open-sdk/sdk/lib/libphy.a(phy_chip_v6.o)
                0x3ffe8022                tx_rf_ana_gain
                0x3ffe8050                rx_gain_swp
                0x3ffe8070                test_rffreq_txcap
 *fill*         0x3ffe8073        0x1 
 .data          0x3ffe8074        0x1 /home/pi/git/esp-open-sdk/sdk/lib/libphy.a(phy_chip_v6_cal.o)
                0x3ffe8074                rfcal_bb_atten_init
 *fill*         0x3ffe8075        0x3 
 .data          0x3ffe8078        0x4 /home/pi/git/esp-open-sdk/sdk/lib/libphy.a(phy_sleep.o)
                0x3ffe8078                chip_version
 .data          0x3ffe807c        0x1 /home/pi/git/esp-open-sdk/sdk/lib/libpp.a(pm.o)
 *fill*         0x3ffe807d        0x3 
 .data          0x3ffe8080        0x1 /home/pi/git/esp-open-sdk/sdk/lib/libpp.a(pm_for_bcn_only_mode.o)
 *fill*         0x3ffe8081        0x3 
 .data          0x3ffe8084       0x1c /home/pi/git/esp-open-sdk/sdk/lib/libpp.a(pp.o)
                0x3ffe8084                soft_wdt_interval
                0x3ffe8088                NoiseTimerInterval
                0x3ffe8090                sleep_start_wait_time
                0x3ffe8098                CanDoFreqCal
                0x3ffe809c                tcb
 .data          0x3ffe80a0       0x40 /home/pi/git/esp-open-sdk/sdk/lib/libpp.a(rate_control.o)
 .data          0x3ffe80e0      0x24c /home/pi/git/esp-open-sdk/sdk/lib/libpp.a(trc.o)
 .data          0x3ffe832c        0x8 /home/pi/git/esp-open-sdk/sdk/lib/libpp.a(wdev.o)
 .data          0x3ffe8334        0x1 /home/pi/git/esp-open-sdk/sdk/lib/libnet80211.a(ieee80211_hostap.o)
                0x3ffe8334                TmpSTAAPCloseAP
 *fill*         0x3ffe8335        0x3 
 .data          0x3ffe8338        0x1 /home/pi/git/esp-open-sdk/sdk/lib/libnet80211.a(wl_cnx.o)
 *fill*         0x3ffe8339        0x7 
 .data          0x3ffe8340       0x1c /home/pi/git/esp-open-sdk/sdk/lib/libnet80211.a(ieee80211_action.o)
 .data          0x3ffe835c        0x4 /home/pi/git/esp-open-sdk/sdk/lib/liblwip.a(dhcp.o)
 .data          0x3ffe8360        0x5 /home/pi/git/esp-open-sdk/sdk/lib/liblwip.a(dhcpserver.o)
                0x3ffe8360                dhcps_lease_time
 *fill*         0x3ffe8365        0x3 
 .data          0x3ffe8368        0x8 /home/pi/git/esp-open-sdk/sdk/lib/liblwip.a(tcp.o)
 *(.data.*)
 .data.cbc_printchar
                0x3ffe8370        0x4 /home/pi/git/Sming/Sming/compiler/lib//libsming.a(m_printf.o)
                0x3ffe8370                cbc_printchar
 *(.gnu.linkonce.d.*)
 *(.data1)
 *(.sdata)
 *(.sdata.*)
 *(.gnu.linkonce.s.*)
 *(.sdata2)
 *(.sdata2.*)
 *(.gnu.linkonce.s2.*)
 *(.jcr)
                0x3ffe8374                _data_end = ABSOLUTE (.)

.rodata         0x3ffe8380     0x1370
                0x3ffe8380                _rodata_start = ABSOLUTE (.)
 *(.sdk.version)
 .sdk.version   0x3ffe8380        0xf /home/pi/git/esp-open-sdk/sdk/lib/libmain.a(app_main.o)
                0x3ffe8380                SDK_VERSION
 *(.rodata)
 *fill*         0x3ffe838f        0x1 
 .rodata        0x3ffe8390        0x8 /home/pi/git/esp-open-sdk/sdk/lib/libphy.a(phy_chip_v6.o)
 .rodata        0x3ffe8398        0x4 /home/pi/git/esp-open-sdk/sdk/lib/libpp.a(pp.o)
 .rodata        0x3ffe839c        0x8 /home/pi/git/esp-open-sdk/sdk/lib/libnet80211.a(ieee80211_hostap.o)
 .rodata        0x3ffe83a4        0x9 /home/pi/git/esp-open-sdk/sdk/lib/libnet80211.a(ieee80211_output.o)
 *fill*         0x3ffe83ad        0x3 
 .rodata        0x3ffe83b0        0x6 /home/pi/git/esp-open-sdk/sdk/lib/liblwip.a(etharp.o)
                0x3ffe83b0                ethbroadcast
 *fill*         0x3ffe83b6        0xa 
 .rodata        0x3ffe83c0       0x74 /home/pi/git/esp-open-sdk/sdk/lib/liblwip.a(espconn_buf.o)
 *(.rodata.*)
 .rodata.str1.4
                0x3ffe8434        0xc /home/pi/git/esp-open-sdk/sdk/lib/libmain.a(app_main.o)
 .rodata.str1.4
                0x3ffe8440        0x4 /home/pi/git/esp-open-sdk/sdk/lib/libmain.a(ets_timer.o)
                                  0xc (size before relaxing)
 .rodata.str1.4
                0x3ffe8444       0x1a /home/pi/git/esp-open-sdk/sdk/lib/libmain.a(mem_manager.o)
 *fill*         0x3ffe845e        0x2 
 .rodata._ZL14EspDigitalPins
                0x3ffe8460       0xc0 /home/pi/git/Sming/Sming/compiler/lib//libsming.a(user_main.o)
 .rodata._ZTV6VectorI8DelegateIFvvEEE
                0x3ffe8520       0x1c /home/pi/git/Sming/Sming/compiler/lib//libsming.a(System.o)
                0x3ffe8520                _ZTV6VectorI8DelegateIFvvEEE
 *fill*         0x3ffe853c        0x4 
 .rodata._ZTV6VectorIP19ISystemReadyHandlerE
                0x3ffe8540       0x1c /home/pi/git/Sming/Sming/compiler/lib//libsming.a(System.o)
                0x3ffe8540                _ZTV6VectorIP19ISystemReadyHandlerE
 .rodata.str1.1
                0x3ffe855c       0x41 /home/pi/git/Sming/Sming/compiler/lib//libsming.a(esp_cplusplus.o)
 *fill*         0x3ffe859d        0x3 
 .rodata._ZTV9IPAddress
                0x3ffe85a0        0xc /home/pi/git/Sming/Sming/compiler/lib//libsming.a(IPAddress.o)
                0x3ffe85a0                _ZTV9IPAddress
 .rodata.str1.1
                0x00000000       0x41 /home/pi/git/Sming/Sming/compiler/lib//libsming.a(WString.o)
                                  0x1 (size before relaxing)
 .rodata.str1.1
                0x3ffe85ac       0x21 /home/pi/git/Sming/Sming/compiler/lib//libsming.a(stringconversion.o)
 .rodata.str1.1
                0x3ffe85cd      0x151 out/build/app_app.a(application.o)
                                0x152 (size before relaxing)
 *fill*         0x3ffe871e        0x2 
 .rodata._ZTV15IDelegateCallerIvIEE
                0x3ffe8720       0x14 out/build/app_app.a(application.o)
                0x3ffe8720                _ZTV15IDelegateCallerIvIEE
 *fill*         0x3ffe8734        0x4 
 .rodata._ZTV14FunctionCallerIPFvvEvIEE
                0x3ffe8738       0x14 out/build/app_app.a(application.o)
                0x3ffe8738                _ZTV14FunctionCallerIPFvvEvIEE
 *fill*         0x3ffe874c        0x4 
 .rodata._ZTV15IDelegateCallerIvIR6StreamctEE
                0x3ffe8750       0x14 out/build/app_app.a(application.o)
                0x3ffe8750                _ZTV15IDelegateCallerIvIR6StreamctEE
 *fill*         0x3ffe8764        0x4 
 .rodata._ZTV14FunctionCallerIPFvR6StreamctEvIS1_ctEE
                0x3ffe8768       0x14 out/build/app_app.a(application.o)
                0x3ffe8768                _ZTV14FunctionCallerIPFvR6StreamctEvIS1_ctEE
 .rodata.str1.1
                0x3ffe877c        0xc /home/pi/git/Sming/Sming/compiler/lib//libmicroc.a(abort.o)
 .rodata.str1.4
                0x3ffe8788        0x4 /home/pi/git/esp-open-sdk/sdk/lib/libpp.a(lmac.o)
                                  0xc (size before relaxing)
 .rodata.str1.4
                0x3ffe878c        0x3 /home/pi/git/esp-open-sdk/sdk/lib/libpp.a(pm.o)
                                  0xb (size before relaxing)
 *fill*         0x3ffe878f        0x1 
 .rodata.str1.4
                0x3ffe8790        0x4 /home/pi/git/esp-open-sdk/sdk/lib/libpp.a(pm_for_bcn_only_mode.o)
                                  0xc (size before relaxing)
 .rodata.str1.4
                0x3ffe8794        0x8 /home/pi/git/esp-open-sdk/sdk/lib/libpp.a(pp.o)
                                 0x10 (size before relaxing)
 .rodata.str1.4
                0x3ffe879c        0x4 /home/pi/git/esp-open-sdk/sdk/lib/libpp.a(wdev.o)
                                  0xc (size before relaxing)
 .rodata.str1.4
                0x3ffe87a0        0x3 /home/pi/git/esp-open-sdk/sdk/lib/libnet80211.a(ieee80211_hostap.o)
                                  0x8 (size before relaxing)
 *fill*         0x3ffe87a3        0x1 
 .rodata.str1.4
                0x3ffe87a4        0x7 /home/pi/git/esp-open-sdk/sdk/lib/libnet80211.a(ieee80211_mesh_quick.o)
 .rodata.str1.4
                0x00000000        0x4 /home/pi/git/esp-open-sdk/sdk/lib/libnet80211.a(ieee80211_sta.o)
 .rodata.str1.4
                0x00000000        0x4 /home/pi/git/esp-open-sdk/sdk/lib/libnet80211.a(ieee80211_action_vendor.o)
 .rodata.str1.4
                0x00000000        0x4 /home/pi/git/esp-open-sdk/sdk/lib/libnet80211.a(ieee80211_ie_vendor.o)
 .rodata.str1.4
                0x00000000        0x7 /home/pi/git/esp-open-sdk/sdk/lib/liblwip.a(espconn_tcp.o)
                                  0x1 (size before relaxing)
 *fill*         0x3ffe87ab        0x1 
 .rodata.str1.4
                0x3ffe87ac       0x10 /home/pi/git/esp-open-sdk/sdk/lib/libwpa.a(wpa_debug.o)
                                  0xd (size before relaxing)
 .rodata.str1.1
                0x00000000        0xc /home/pi/git/Sming/Sming/compiler/lib//libsming.a(HardwareSerial.o)
                                  0x4 (size before relaxing)
 *fill*         0x3ffe87bc        0x4 
 .rodata._ZTV14HardwareSerial
                0x3ffe87c0       0x20 /home/pi/git/Sming/Sming/compiler/lib//libsming.a(HardwareSerial.o)
                0x3ffe87c0                _ZTV14HardwareSerial
 .rodata.str1.1
                0x3ffe87e0      0x169 /home/pi/git/Sming/Sming/compiler/lib//libsming.a(MqttClient.o)
                                0x16a (size before relaxing)
 *fill*         0x3ffe8949        0x7 
 .rodata._ZTV10MqttClient
                0x3ffe8950       0x3c /home/pi/git/Sming/Sming/compiler/lib//libsming.a(MqttClient.o)
                0x3ffe8950                _ZTV10MqttClient
 .rodata.str1.1
                0x3ffe898c       0x1e /home/pi/git/Sming/Sming/compiler/lib//libsming.a(TcpClient.o)
 *fill*         0x3ffe89aa        0x6 
 .rodata._ZTV9TcpClient
                0x3ffe89b0       0x3c /home/pi/git/Sming/Sming/compiler/lib//libsming.a(TcpClient.o)
                0x3ffe89b0                _ZTV9TcpClient
 .rodata.str1.1
                0x3ffe89ec      0x279 /home/pi/git/Sming/Sming/compiler/lib//libsming.a(Station.o)
                                0x283 (size before relaxing)
 *fill*         0x3ffe8c65        0x3 
 .rodata._ZTV19ISystemReadyHandler
                0x3ffe8c68       0x14 /home/pi/git/Sming/Sming/compiler/lib//libsming.a(Station.o)
                0x3ffe8c68                _ZTV19ISystemReadyHandler
 *fill*         0x3ffe8c7c        0x4 
 .rodata._ZTV12StationClass
                0x3ffe8c80       0x14 /home/pi/git/Sming/Sming/compiler/lib//libsming.a(Station.o)
                0x3ffe8c80                _ZTV12StationClass
 *fill*         0x3ffe8c94        0x4 
 .rodata._ZTV6VectorI7BssInfoE
                0x3ffe8c98       0x1c /home/pi/git/Sming/Sming/compiler/lib//libsming.a(Station.o)
                0x3ffe8c98                _ZTV6VectorI7BssInfoE
 .rodata.str1.1
                0x3ffe8cb4       0xc4 /home/pi/git/Sming/Sming/compiler/lib//libsming.a(AccessPoint.o)
                                 0xf1 (size before relaxing)
 .rodata._ZTV16AccessPointClass
                0x3ffe8d78       0x14 /home/pi/git/Sming/Sming/compiler/lib//libsming.a(AccessPoint.o)
                0x3ffe8d78                _ZTV16AccessPointClass
 .rodata.str1.1
                0x3ffe8d8c       0xf3 /home/pi/git/Sming/Sming/compiler/lib//libsming.a(CommandExecutor.o)
                                 0xf8 (size before relaxing)
 .rodata.str1.1
                0x3ffe8e7f        0x6 /home/pi/git/Sming/Sming/compiler/lib//libsming.a(libemqtt.o)
 .rodata.str1.1
                0x3ffe8e85      0x138 /home/pi/git/Sming/Sming/compiler/lib//libsming.a(DataSourceStream.o)
                                0x139 (size before relaxing)
 *fill*         0x3ffe8fbd        0x3 
 .rodata._ZTV17IDataSourceStream
                0x3ffe8fc0       0x20 /home/pi/git/Sming/Sming/compiler/lib//libsming.a(DataSourceStream.o)
                0x3ffe8fc0                _ZTV17IDataSourceStream
 .rodata._ZTV16MemoryDataStream
                0x3ffe8fe0       0x48 /home/pi/git/Sming/Sming/compiler/lib//libsming.a(DataSourceStream.o)
                0x3ffe8fe0                _ZTV16MemoryDataStream
 .rodata.str1.1
                0x3ffe9028      0x220 /home/pi/git/Sming/Sming/compiler/lib//libsming.a(TcpConnection.o)
 .rodata._ZTV13TcpConnection
                0x3ffe9248       0x38 /home/pi/git/Sming/Sming/compiler/lib//libsming.a(TcpConnection.o)
                0x3ffe9248                _ZTV13TcpConnection
 .rodata._ZTV8WDTClass
                0x3ffe9280       0x14 /home/pi/git/Sming/Sming/compiler/lib//libsming.a(WDT.o)
                0x3ffe9280                _ZTV8WDTClass
 .rodata.str1.1
                0x3ffe9294      0x3b3 /home/pi/git/Sming/Sming/compiler/lib//libsming.a(CommandHandler.o)
                                0x3bb (size before relaxing)
 .rodata.str1.1
                0x00000000        0x1 /home/pi/git/Sming/Sming/compiler/lib//libsming.a(CommandDelegate.o)
 *(.gnu.linkonce.r.*)
 *(.rodata1)
                0x3ffe9647                __XT_EXCEPTION_TABLE__ = ABSOLUTE (.)
 *(.xt_except_table)
 *(.gcc_except_table)
 *(.gnu.linkonce.e.*)
 *(.gnu.version_r)
 *(.eh_frame)
                0x3ffe9648                . = ((. + 0x3) & 0xfffffffc)
 *fill*         0x3ffe9647        0x1 
                0x3ffe9648                __dso_handle = ABSOLUTE (.)
                0x3ffe9648                __init_array_start = ABSOLUTE (.)
 *crtbegin.o(.ctors)
 *(EXCLUDE_FILE(*crtend.o) .ctors)
 .ctors         0x3ffe9648        0x4 /home/pi/git/Sming/Sming/compiler/lib//libsming.a(user_main.o)
 .ctors         0x3ffe964c        0x4 /home/pi/git/Sming/Sming/compiler/lib//libsming.a(System.o)
 .ctors         0x3ffe9650        0x4 /home/pi/git/Sming/Sming/compiler/lib//libsming.a(m_printf.o)
 .ctors         0x3ffe9654        0x4 /home/pi/git/Sming/Sming/compiler/lib//libsming.a(IPAddress.o)
 .ctors         0x3ffe9658        0x4 /home/pi/git/Sming/Sming/compiler/lib//libsming.a(Print.o)
 .ctors         0x3ffe965c        0x4 /home/pi/git/Sming/Sming/compiler/lib//libsming.a(WString.o)
 .ctors         0x3ffe9660        0x4 /home/pi/git/Sming/Sming/compiler/lib//libsming.a(Interrupts.o)
 .ctors         0x3ffe9664        0x4 /home/pi/git/Sming/Sming/compiler/lib//libsming.a(Digital.o)
 .ctors         0x3ffe9668        0x4 out/build/app_app.a(application.o)
 .ctors         0x3ffe966c        0x4 /home/pi/git/Sming/Sming/compiler/lib//libsming.a(HardwareSerial.o)
 .ctors         0x3ffe9670        0x4 /home/pi/git/Sming/Sming/compiler/lib//libsming.a(Clock.o)
 .ctors         0x3ffe9674        0x4 /home/pi/git/Sming/Sming/compiler/lib//libsming.a(MqttClient.o)
 .ctors         0x3ffe9678        0x4 /home/pi/git/Sming/Sming/compiler/lib//libsming.a(TcpClient.o)
 .ctors         0x3ffe967c        0x4 /home/pi/git/Sming/Sming/compiler/lib//libsming.a(Station.o)
 .ctors         0x3ffe9680        0x4 /home/pi/git/Sming/Sming/compiler/lib//libsming.a(AccessPoint.o)
 .ctors         0x3ffe9684        0x4 /home/pi/git/Sming/Sming/compiler/lib//libsming.a(CommandExecutor.o)
 .ctors         0x3ffe9688        0x4 /home/pi/git/Sming/Sming/compiler/lib//libsming.a(DataSourceStream.o)
 .ctors         0x3ffe968c        0x4 /home/pi/git/Sming/Sming/compiler/lib//libsming.a(WebSocket.o)
 .ctors         0x3ffe9690        0x4 /home/pi/git/Sming/Sming/compiler/lib//libsming.a(HttpResponse.o)
 .ctors         0x3ffe9694        0x4 /home/pi/git/Sming/Sming/compiler/lib//libsming.a(TcpConnection.o)
 .ctors         0x3ffe9698        0x4 /home/pi/git/Sming/Sming/compiler/lib//libsming.a(HttpRequest.o)
 .ctors         0x3ffe969c        0x4 /home/pi/git/Sming/Sming/compiler/lib//libsming.a(HttpServer.o)
 .ctors         0x3ffe96a0        0x4 /home/pi/git/Sming/Sming/compiler/lib//libsming.a(HttpServerConnection.o)
 .ctors         0x3ffe96a4        0x4 /home/pi/git/Sming/Sming/compiler/lib//libsming.a(WDT.o)
 .ctors         0x3ffe96a8        0x4 /home/pi/git/Sming/Sming/compiler/lib//libsming.a(CommandHandler.o)
 .ctors         0x3ffe96ac        0x4 /home/pi/git/Sming/Sming/compiler/lib//libsming.a(CommandOutput.o)
 .ctors         0x3ffe96b0        0x4 /home/pi/git/Sming/Sming/compiler/lib//libsming.a(CommandDelegate.o)
 .ctors         0x3ffe96b4        0x4 /home/pi/git/Sming/Sming/compiler/lib//libsming.a(ArduinoJson.o)
 .ctors         0x3ffe96b8        0x4 /home/pi/git/Sming/Sming/compiler/lib//libsming.a(SystemClock.o)
 .ctors         0x3ffe96bc        0x4 /home/pi/git/Sming/Sming/compiler/lib//libsming.a(TcpServer.o)
 .ctors         0x3ffe96c0        0x4 /home/pi/git/Sming/Sming/compiler/lib//libsming.a(RTC.o)
 .ctors         0x3ffe96c4        0x4 /home/pi/git/Sming/Sming/compiler/lib//libsming.a(DateTime.o)
 *(SORT(.ctors.*))
 *(.ctors)
                0x3ffe96c8                __init_array_end = ABSOLUTE (.)
 *crtbegin.o(.dtors)
 *(EXCLUDE_FILE(*crtend.o) .dtors)
 .dtors         0x3ffe96c8        0x4 /home/pi/git/Sming/Sming/compiler/lib//libsming.a(System.o)
 .dtors         0x3ffe96cc        0x4 /home/pi/git/Sming/Sming/compiler/lib//libsming.a(Interrupts.o)
 .dtors         0x3ffe96d0        0x4 out/build/app_app.a(application.o)
 .dtors         0x3ffe96d4        0x4 /home/pi/git/Sming/Sming/compiler/lib//libsming.a(HardwareSerial.o)
 .dtors         0x3ffe96d8        0x4 /home/pi/git/Sming/Sming/compiler/lib//libsming.a(Station.o)
 .dtors         0x3ffe96dc        0x4 /home/pi/git/Sming/Sming/compiler/lib//libsming.a(AccessPoint.o)
 .dtors         0x3ffe96e0        0x4 /home/pi/git/Sming/Sming/compiler/lib//libsming.a(WDT.o)
 .dtors         0x3ffe96e4        0x4 /home/pi/git/Sming/Sming/compiler/lib//libsming.a(CommandHandler.o)
 *(SORT(.dtors.*))
 *(.dtors)
                0x3ffe96e8                __XT_EXCEPTION_DESCS__ = ABSOLUTE (.)
 *(.xt_except_desc)
 *(.gnu.linkonce.h.*)
                0x3ffe96e8                __XT_EXCEPTION_DESCS_END__ = ABSOLUTE (.)
 *(.xt_except_desc_end)
 *(.dynamic)
 *(.gnu.version_d)
                0x3ffe96e8                . = ALIGN (0x4)
                0x3ffe96e8                _bss_table_start = ABSOLUTE (.)
                0x3ffe96e8        0x4 LONG 0x3ffe96f0 _bss_start
                0x3ffe96ec        0x4 LONG 0x3fff01e8 _bss_end
                0x3ffe96f0                _bss_table_end = ABSOLUTE (.)
                0x3ffe96f0                _rodata_end = ABSOLUTE (.)

.bss            0x3ffe96f0     0x6af8
                0x3ffe96f0                . = ALIGN (0x8)
                0x3ffe96f0                _bss_start = ABSOLUTE (.)
 *(.dynsbss)
 *(.sbss)
 *(.sbss.*)
 *(.gnu.linkonce.sb.*)
 *(.scommon)
 *(.sbss2)
 *(.sbss2.*)
 *(.gnu.linkonce.sb2.*)
 *(.dynbss)
 *(.bss)
 .bss           0x3ffe96f0      0x1c0 /home/pi/git/esp-open-sdk/sdk/lib/libmain.a(nmi-vector.o)
 .bss           0x3ffe98b0       0x45 /home/pi/git/esp-open-sdk/sdk/lib/libmain.a(app_main.o)
                0x3ffe98b4                info
                0x3ffe98d8                freq_trace_enable
                0x3ffe98da                lwip_timer_interval
                0x3ffe98dc                check_timeouts_timer
                0x3ffe98f0                rf_cal_sec
                0x3ffe98f4                user_init_flag
 *fill*         0x3ffe98f5        0xb 
 .bss           0x3ffe9900       0x30 /home/pi/git/esp-open-sdk/sdk/lib/libmain.a(ets_timer.o)
                0x3ffe9900                dbg_timer_flag
                0x3ffe9904                timer_list
                0x3ffe9908                debug_timer
                0x3ffe990c                debug_timerfn
 .bss           0x3ffe9930       0x3c /home/pi/git/esp-open-sdk/sdk/lib/libmain.a(mem_manager.o)
 .bss           0x3ffe996c        0x4 /home/pi/git/esp-open-sdk/sdk/lib/libmain.a(spi_flash.o)
                0x3ffe996c                flash_read
 .bss           0x3ffe9970      0x242 /home/pi/git/esp-open-sdk/sdk/lib/libmain.a(user_interface.o)
                0x3ffe9a67                deep_sleep_flag
                0x3ffe9a68                cpu_overclock
                0x3ffe9a6c                event_cb
                0x3ffe9a70                status_led_output_level
                0x3ffe9a74                done_cb
                0x3ffe9a78                rst_if
                0x3ffe9a94                default_interface
                0x3ffe9a95                OpmodChgIsOnGoing
                0x3ffe9a98                promiscuous_cb
                0x3ffe9ab0                event_TaskQueue
 *fill*         0x3ffe9bb2        0x2 
 .bss           0x3ffe9bb4        0xc /home/pi/git/esp-open-sdk/sdk/lib/libmain.a(eagle_lwip_if.o)
                0x3ffe9bb4                hostname
 .bss           0x3ffe9bc0        0x4 /home/pi/git/esp-open-sdk/sdk/lib/libphy.a(phy.o)
 .bss           0x3ffe9bc4        0x2 /home/pi/git/esp-open-sdk/sdk/lib/libphy.a(phy_chip_v6_ana.o)
                0x3ffe9bc4                tout_dis_txpwr_track
                0x3ffe9bc5                sleep_mode_flag
 *fill*         0x3ffe9bc6        0x2 
 .bss           0x3ffe9bc8      0x153 /home/pi/git/esp-open-sdk/sdk/lib/libphy.a(phy_chip_v6.o)
                0x3ffe9bc8                g_phyFuns
                0x3ffe9bcc                rxiq_compute_num
                0x3ffe9bd0                rx_table_renew_en
                0x3ffe9bd4                check_result
                0x3ffe9bd8                chip6_sleep_params
                0x3ffe9c6c                chip6_phy_init_ctrl
                0x3ffe9ce0                phy_freq_offset
                0x3ffe9ce2                do_pwctrl_flag
                0x3ffe9ce3                txbk_dpdby_flag
                0x3ffe9ce5                sw_scan_mode
                0x3ffe9ce6                rxmax_ext_level
                0x3ffe9ce8                phy_rx_gain_dc_table
                0x3ffe9cfc                periodic_cal_flag
                0x3ffe9cfd                bbpll_cal_flag
                0x3ffe9cfe                phy_in_most_power
                0x3ffe9cff                init_rf_no_cal
                0x3ffe9d00                test_print_time
                0x3ffe9d04                phy_in_vdd33_offset
                0x3ffe9d05                phy_set_most_tpw_disbg
                0x3ffe9d06                phy_set_most_tpw_index
                0x3ffe9d08                adc_rand_noise
                0x3ffe9d0c                phy_rx_gain_dc_flag
                0x3ffe9d0d                dpd_bypass_original
                0x3ffe9d0e                phy_txpwr_diff_flash
                0x3ffe9d10                noise_array
 *fill*         0x3ffe9d1b        0x1 
 .bss           0x3ffe9d1c        0x9 /home/pi/git/esp-open-sdk/sdk/lib/libphy.a(phy_chip_v6_cal.o)
                0x3ffe9d1c                phy_tx_power_out
                0x3ffe9d1e                phy_tx_pwr_error
                0x3ffe9d20                tx_pwctrl_track_num
                0x3ffe9d21                rxiq_cover_fail_num
                0x3ffe9d22                phy_meas_freq_offset
                0x3ffe9d24                tx_pwctrl_pk_num
 *fill*         0x3ffe9d25        0x3 
 .bss           0x3ffe9d28        0x7 /home/pi/git/esp-open-sdk/sdk/lib/libphy.a(phy_sleep.o)
                0x3ffe9d28                periodic_cal_sat
                0x3ffe9d2a                lslp_mem_opt_8266
                0x3ffe9d2c                software_slp_reject
                0x3ffe9d2d                SDIO_slp_reject
                0x3ffe9d2e                hardware_reject
 *fill*         0x3ffe9d2f        0x1 
 .bss           0x3ffe9d30       0x40 /home/pi/git/esp-open-sdk/sdk/lib/libpp.a(if_hwctrl.o)
                0x3ffe9d30                interface_mask
                0x3ffe9d50                if_ctrl
 .bss           0x3ffe9d70      0x150 /home/pi/git/esp-open-sdk/sdk/lib/libpp.a(lmac.o)
                0x3ffe9d74                lmacConfMib
                0x3ffe9d98                our_tx_eb
 .bss           0x3ffe9ec0      0x12a /home/pi/git/esp-open-sdk/sdk/lib/libpp.a(pm.o)
                0x3ffe9ec0                pmc
 *fill*         0x3ffe9fea        0x2 
 .bss           0x3ffe9fec       0x38 /home/pi/git/esp-open-sdk/sdk/lib/libpp.a(pm_for_bcn_only_mode.o)
 *fill*         0x3ffea024        0xc 
 .bss           0x3ffea030      0x322 /home/pi/git/esp-open-sdk/sdk/lib/libpp.a(pp.o)
                0x3ffea048                pend_flag_noise_check
                0x3ffea050                pend_flag_periodic_cal
                0x3ffea068                idle_timer_reopen_flag
                0x3ffea06a                dbg_stop_sw_wdt
                0x3ffea06b                dbg_stop_hw_wdt
                0x3ffea06d                total_buffed_eb_num
                0x3ffea070                HighestFreqOffsetInOneChk
                0x3ffea072                LowestFreqOffsetInOneChk
                0x3ffea074                DefFreqCalTimer
                0x3ffea088                PktNumInOneChk
                0x3ffea210                buffed_eb_arr
 *fill*         0x3ffea352        0xe 
 .bss           0x3ffea360      0x100 /home/pi/git/esp-open-sdk/sdk/lib/libpp.a(rate_control.o)
 .bss           0x3ffea460      0x46c /home/pi/git/esp-open-sdk/sdk/lib/libpp.a(trc.o)
 *fill*         0x3ffea8cc        0x4 
 .bss           0x3ffea8d0     0x2f88 /home/pi/git/esp-open-sdk/sdk/lib/libpp.a(wdev.o)
                0x3ffea8d0                wDevCtrl
                0x3ffeaa78                WdevTimOffSet
 *fill*         0x3ffed858        0x8 
 .bss           0x3ffed860      0xaa4 /home/pi/git/esp-open-sdk/sdk/lib/libpp.a(esf_buf.o)
 .bss           0x3ffee304      0x6a8 /home/pi/git/esp-open-sdk/sdk/lib/libnet80211.a(ieee80211.o)
                0x3ffee304                g_ic
 *fill*         0x3ffee9ac        0x4 
 .bss           0x3ffee9b0       0x54 /home/pi/git/esp-open-sdk/sdk/lib/libnet80211.a(ieee80211_hostap.o)
                0x3ffee9b0                BcnEb_update
                0x3ffee9bd                BcnWithMcastSendStart
                0x3ffee9be                BcnWithMcastSendCnt
                0x3ffee9d8                PendFreeBcnEb
                0x3ffee9dc                ApFreqCalTimer
                0x3ffee9f0                APRecvBcnStartTick
 .bss           0x3ffeea04       0xc8 /home/pi/git/esp-open-sdk/sdk/lib/libnet80211.a(ieee80211_scan.o)
                0x3ffeea04                gScanStruct
                0x3ffeeab0                connect_scan_flag
                0x3ffeeab1                FreqCalCntForScan
                0x3ffeeab2                TestStaFreqCalValInput
                0x3ffeeab4                auth_type
                0x3ffeeab6                scannum
 *fill*         0x3ffeeacc        0x4 
 .bss           0x3ffeead0       0x28 /home/pi/git/esp-open-sdk/sdk/lib/libnet80211.a(ieee80211_sta.o)
 .bss           0x3ffeeaf8       0x3c /home/pi/git/esp-open-sdk/sdk/lib/libnet80211.a(wl_chm.o)
 *fill*         0x3ffeeb34        0x4 
 .bss           0x3ffeeb38      0x394 /home/pi/git/esp-open-sdk/sdk/lib/libnet80211.a(wl_cnx.o)
                0x3ffeee98                sta_con_timer
                0x3ffeeeac                backup_ni_connect_status
                0x3ffeeeb0                g_cnx_probe_rc_list_cb
                0x3ffeeeb4                reconnect_flag
                0x3ffeeeb5                no_ap_found_index
 *fill*         0x3ffeeecc        0x4 
 .bss           0x3ffeeed0       0x18 /home/pi/git/esp-open-sdk/sdk/lib/libnet80211.a(ieee80211_action_vendor.o)
 *fill*         0x3ffeeee8        0x8 
 .bss           0x3ffeeef0       0x38 /home/pi/git/esp-open-sdk/sdk/lib/liblwip.a(dhcp.o)
                0x3ffeeef0                dhcp_rx_options_given
                0x3ffeef00                dhcp_rx_options_val
 .bss           0x3ffeef28       0x24 /home/pi/git/esp-open-sdk/sdk/lib/liblwip.a(dhcpserver.o)
 *fill*         0x3ffeef4c        0x4 
 .bss           0x3ffeef50      0x480 /home/pi/git/esp-open-sdk/sdk/lib/liblwip.a(dns.o)
 .bss           0x3ffef3d0       0x78 /home/pi/git/esp-open-sdk/sdk/lib/liblwip.a(espconn_tcp.o)
                0x3ffef3d0                espconn_TaskQueue
 *fill*         0x3ffef448        0x8 
 .bss           0x3ffef450      0x100 /home/pi/git/esp-open-sdk/sdk/lib/liblwip.a(etharp.o)
                0x3ffef454                ethzero
 .bss           0x3ffef550       0x10 /home/pi/git/esp-open-sdk/sdk/lib/liblwip.a(ip_addr.o)
 .bss           0x3ffef560       0x12 /home/pi/git/esp-open-sdk/sdk/lib/liblwip.a(ip.o)
                0x3ffef560                current_iphdr_dest
                0x3ffef564                current_iphdr_src
                0x3ffef568                current_netif
                0x3ffef56c                current_header
 *fill*         0x3ffef572        0x2 
 .bss           0x3ffef574        0x9 /home/pi/git/esp-open-sdk/sdk/lib/liblwip.a(netif.o)
                0x3ffef574                netif_list
                0x3ffef578                netif_default
 *fill*         0x3ffef57d        0x3 
 .bss           0x3ffef580        0x4 /home/pi/git/esp-open-sdk/sdk/lib/liblwip.a(raw.o)
 .bss           0x3ffef584       0x34 /home/pi/git/esp-open-sdk/sdk/lib/liblwip.a(tcp_in.o)
                0x3ffef5b4                tcp_input_pcb
 .bss           0x3ffef5b8       0x1c /home/pi/git/esp-open-sdk/sdk/lib/liblwip.a(tcp.o)
                0x3ffef5bc                tcp_active_pcbs
                0x3ffef5c0                tcp_tmp_pcb
                0x3ffef5c4                tcp_tw_pcbs
                0x3ffef5c8                tcp_bound_pcbs
                0x3ffef5cc                tcp_listen_pcbs
                0x3ffef5d0                tcp_ticks
 .bss           0x3ffef5d4        0xc /home/pi/git/esp-open-sdk/sdk/lib/liblwip.a(timers.o)
 .bss           0x3ffef5e0        0x4 /home/pi/git/esp-open-sdk/sdk/lib/liblwip.a(udp.o)
                0x3ffef5e0                udp_pcbs
 *fill*         0x3ffef5e4        0xc 
 .bss           0x3ffef5f0      0x104 /home/pi/git/esp-open-sdk/sdk/lib/liblwip.a(espconn.o)
                0x3ffef5f0                plink_active
                0x3ffef5f4                pserver_list
                0x3ffef600                premot
                0x3ffef6c0                pktinfo
 .bss           0x3ffef6f4        0xc /home/pi/git/esp-open-sdk/sdk/lib/liblwip.a(igmp.o)
 .bss           0x3ffef700      0x26a /home/pi/git/esp-open-sdk/sdk/lib/libwpa.a(wpa.o)
 *fill*         0x3ffef96a        0x6 
 .bss           0x3ffef970        0x8 /home/pi/git/esp-open-sdk/sdk/lib/libnet80211.a(ieee80211_crypto_tkip.o)
 *(.bss.*)
 .bss._ZL5ESP01
                0x3ffef978       0x30 /home/pi/git/Sming/Sming/compiler/lib//libsming.a(user_main.o)
 .bss._ZL11INADDR_NONE
                0x3ffef9a8        0x8 /home/pi/git/Sming/Sming/compiler/lib//libsming.a(user_main.o)
 .bss.System    0x3ffef9b0       0x2c /home/pi/git/Sming/Sming/compiler/lib//libsming.a(System.o)
                0x3ffef9b0                System
 .bss._ZL5ESP01
                0x3ffef9dc       0x30 /home/pi/git/Sming/Sming/compiler/lib//libsming.a(m_printf.o)
 .bss._ZL11INADDR_NONE
                0x3ffefa0c        0x8 /home/pi/git/Sming/Sming/compiler/lib//libsming.a(m_printf.o)
 .bss._ZL5ESP01
                0x3ffefa14       0x30 /home/pi/git/Sming/Sming/compiler/lib//libsming.a(IPAddress.o)
 .bss._ZL11INADDR_NONE
                0x3ffefa44        0x8 /home/pi/git/Sming/Sming/compiler/lib//libsming.a(IPAddress.o)
 .bss._ZL11INADDR_NONE
                0x3ffefa4c        0x8 /home/pi/git/Sming/Sming/compiler/lib//libsming.a(Print.o)
 .bss._ZZN6StringixEjE19dummy_writable_char
                0x3ffefa54        0x1 /home/pi/git/Sming/Sming/compiler/lib//libsming.a(WString.o)
 *fill*         0x3ffefa55        0x3 
 .bss._ZL11INADDR_NONE
                0x3ffefa58        0x8 /home/pi/git/Sming/Sming/compiler/lib//libsming.a(WString.o)
 .bss._delegateFunctionList
                0x3ffefa60       0x40 /home/pi/git/Sming/Sming/compiler/lib//libsming.a(Interrupts.o)
                0x3ffefa60                _delegateFunctionList
 .bss._ZL11INADDR_NONE
                0x3ffefaa0        0x8 /home/pi/git/Sming/Sming/compiler/lib//libsming.a(Interrupts.o)
 .bss._ZL11INADDR_NONE
                0x3ffefaa8        0x8 /home/pi/git/Sming/Sming/compiler/lib//libsming.a(Digital.o)
 .bss.mqtt      0x3ffefab0      0x4c0 out/build/app_app.a(application.o)
                0x3ffefab0                mqtt
 .bss.procTimer
                0x3ffeff70       0x30 out/build/app_app.a(application.o)
                0x3ffeff70                procTimer
 .bss._ZL5ESP01
                0x3ffeffa0       0x30 out/build/app_app.a(application.o)
 .bss._ZL11INADDR_NONE
                0x3ffeffd0        0x8 out/build/app_app.a(application.o)
 .bss.Serial    0x3ffeffd8       0x18 /home/pi/git/Sming/Sming/compiler/lib//libsming.a(HardwareSerial.o)
                0x3ffeffd8                Serial
 .bss._ZN14HardwareSerial10memberDataE
                0x3ffefff0       0x18 /home/pi/git/Sming/Sming/compiler/lib//libsming.a(HardwareSerial.o)
                0x3ffefff0                _ZN14HardwareSerial10memberDataE
 .bss._ZL11INADDR_NONE
                0x3fff0008        0x8 /home/pi/git/Sming/Sming/compiler/lib//libsming.a(HardwareSerial.o)
 .bss._ZL11INADDR_NONE
                0x3fff0010        0x8 /home/pi/git/Sming/Sming/compiler/lib//libsming.a(Clock.o)
 .bss._ZL5ESP01
                0x3fff0018       0x30 /home/pi/git/Sming/Sming/compiler/lib//libsming.a(MqttClient.o)
 .bss._ZL11INADDR_NONE
                0x3fff0048        0x8 /home/pi/git/Sming/Sming/compiler/lib//libsming.a(MqttClient.o)
 .bss._ZL11INADDR_NONE
                0x3fff0050        0x8 /home/pi/git/Sming/Sming/compiler/lib//libsming.a(TcpClient.o)
 .bss.WifiStation
                0x3fff0058       0x24 /home/pi/git/Sming/Sming/compiler/lib//libsming.a(Station.o)
                0x3fff0058                WifiStation
 .bss._ZL5ESP01
                0x3fff007c       0x30 /home/pi/git/Sming/Sming/compiler/lib//libsming.a(Station.o)
 .bss._ZL11INADDR_NONE
                0x3fff00ac        0x8 /home/pi/git/Sming/Sming/compiler/lib//libsming.a(Station.o)
 .bss.WifiAccessPoint
                0x3fff00b4        0x8 /home/pi/git/Sming/Sming/compiler/lib//libsming.a(AccessPoint.o)
                0x3fff00b4                WifiAccessPoint
 .bss._ZL5ESP01
                0x3fff00bc       0x30 /home/pi/git/Sming/Sming/compiler/lib//libsming.a(AccessPoint.o)
 .bss._ZL11INADDR_NONE
                0x3fff00ec        0x8 /home/pi/git/Sming/Sming/compiler/lib//libsming.a(AccessPoint.o)
 .bss._ZL11INADDR_NONE
                0x3fff00f4        0x8 /home/pi/git/Sming/Sming/compiler/lib//libsming.a(CommandExecutor.o)
 .bss._ZL11INADDR_NONE
                0x3fff00fc        0x8 /home/pi/git/Sming/Sming/compiler/lib//libsming.a(DataSourceStream.o)
 .bss._ZL11INADDR_NONE
                0x3fff0104        0x8 /home/pi/git/Sming/Sming/compiler/lib//libsming.a(WebSocket.o)
 .bss._ZL11INADDR_NONE
                0x3fff010c        0x8 /home/pi/git/Sming/Sming/compiler/lib//libsming.a(HttpResponse.o)
 .bss._ZL11INADDR_NONE
                0x3fff0114        0x8 /home/pi/git/Sming/Sming/compiler/lib//libsming.a(TcpConnection.o)
 .bss._ZL11INADDR_NONE
                0x3fff011c        0x8 /home/pi/git/Sming/Sming/compiler/lib//libsming.a(HttpRequest.o)
 .bss._ZL11INADDR_NONE
                0x3fff0124        0x8 /home/pi/git/Sming/Sming/compiler/lib//libsming.a(HttpServer.o)
 .bss._ZL11INADDR_NONE
                0x3fff012c        0x8 /home/pi/git/Sming/Sming/compiler/lib//libsming.a(HttpServerConnection.o)
 .bss.WDT       0x3fff0134        0x8 /home/pi/git/Sming/Sming/compiler/lib//libsming.a(WDT.o)
                0x3fff0134                WDT
 .bss.commandHandler
                0x3fff013c       0x1c /home/pi/git/Sming/Sming/compiler/lib//libsming.a(CommandHandler.o)
                0x3fff013c                commandHandler
 .bss._ZL11INADDR_NONE
                0x3fff0158        0x8 /home/pi/git/Sming/Sming/compiler/lib//libsming.a(CommandHandler.o)
 .bss._ZL11INADDR_NONE
                0x3fff0160        0x8 /home/pi/git/Sming/Sming/compiler/lib//libsming.a(CommandOutput.o)
 .bss._ZL11INADDR_NONE
                0x3fff0168        0x8 /home/pi/git/Sming/Sming/compiler/lib//libsming.a(CommandDelegate.o)
 .bss._ZN11ArduinoJson10JsonObject8_invalidE
                0x3fff0170        0x8 /home/pi/git/Sming/Sming/compiler/lib//libsming.a(ArduinoJson.o)
                0x3fff0170                _ZN11ArduinoJson10JsonObject8_invalidE
 .bss._ZN11ArduinoJson9JsonArray8_invalidE
                0x3fff0178        0x8 /home/pi/git/Sming/Sming/compiler/lib//libsming.a(ArduinoJson.o)
                0x3fff0178                _ZN11ArduinoJson9JsonArray8_invalidE
 .bss.SystemClock
                0x3fff0180       0x18 /home/pi/git/Sming/Sming/compiler/lib//libsming.a(SystemClock.o)
                0x3fff0180                SystemClock
 .bss._ZL11INADDR_NONE
                0x3fff0198        0x8 /home/pi/git/Sming/Sming/compiler/lib//libsming.a(SystemClock.o)
 .bss._ZL11INADDR_NONE
                0x3fff01a0        0x8 /home/pi/git/Sming/Sming/compiler/lib//libsming.a(TcpServer.o)
 .bss.RTC       0x3fff01a8        0x1 /home/pi/git/Sming/Sming/compiler/lib//libsming.a(RTC.o)
                0x3fff01a8                RTC
 *fill*         0x3fff01a9        0x3 
 .bss._ZL5ESP01
                0x3fff01ac       0x30 /home/pi/git/Sming/Sming/compiler/lib//libsming.a(DateTime.o)
 .bss._ZL11INADDR_NONE
                0x3fff01dc        0x8 /home/pi/git/Sming/Sming/compiler/lib//libsming.a(DateTime.o)
 *(.gnu.linkonce.b.*)
 *(COMMON)
                0x3fff01e8                . = ALIGN (0x8)
 *fill*         0x3fff01e4        0x4 
                0x3fff01e8                _bss_end = ABSOLUTE (.)
                0x3fff01e8                _heap_start = ABSOLUTE (.)

.irom0.text     0x40209000    0x34746
                0x40209000                _irom0_text_start = ABSOLUTE (.)
 *(.irom0.literal .irom.literal .irom.text.literal .irom0.text .irom.text)
 .irom0.text    0x40209000      0xce5 /home/pi/git/esp-open-sdk/sdk/lib/libmain.a(app_main.o)
                                0xf3d (size before relaxing)
                0x402092d4                wdt_init
                0x4020937c                user_uart_wait_tx_fifo_empty
                0x40209630                user_rf_pre_init
                0x40209638                system_phy_freq_trace_enable
                0x40209650                flash_data_check
 *fill*         0x40209ce5        0x3 
 .irom0.text    0x40209ce8      0x186 /home/pi/git/esp-open-sdk/sdk/lib/libmain.a(ets_timer.o)
                                0x1b2 (size before relaxing)
                0x40209cf0                ets_timer_done
                0x40209d3c                ets_timer_handler_isr
                0x40209e0c                ets_timer_init
 *fill*         0x40209e6e        0x2 
 .irom0.text    0x40209e70       0xf0 /home/pi/git/esp-open-sdk/sdk/lib/libmain.a(mem_manager.o)
                                 0xf8 (size before relaxing)
                0x40209e70                check_memleak_debug_enable
                0x40209ee0                xPortGetFreeHeapSize
                0x40209ee8                vPortInitialiseBlocks
 .irom0.text    0x40209f60     0x3d2d /home/pi/git/esp-open-sdk/sdk/lib/libmain.a(user_interface.o)
                               0x48dd (size before relaxing)
                0x40209f64                system_set_os_print
                0x40209f74                system_get_os_print
                0x4020a13c                system_pp_recycle_rx_pkt
                0x4020a158                system_adc_read
                0x4020a198                system_adc_read_fast
                0x4020a1f8                system_get_vdd33
                0x4020a224                system_restart_hook
                0x4020a23c                system_restart_local
                0x4020a31c                system_restart
                0x4020a37c                system_restore
                0x4020a3e4                system_get_flash_size_map
                0x4020a404                system_get_boot_version
                0x4020a43c                system_get_test_result
                0x4020a464                system_get_userbin_addr
                0x4020a4fc                system_get_boot_mode
                0x4020a52c                system_restart_enhance
                0x4020a6d8                system_upgrade_userbin_set
                0x4020a724                system_upgrade_userbin_check
                0x4020a764                system_upgrade_flag_set
                0x4020a778                system_upgrade_flag_check
                0x4020a7a0                system_upgrade_reboot
                0x4020a900                system_deep_sleep_instant
                0x4020aa98                system_deep_sleep
                0x4020aaf8                system_deep_sleep_set_option
                0x4020ab14                system_phy_temperature_alert
                0x4020ab28                system_phy_set_max_tpw
                0x4020ab3c                system_phy_set_tpw_via_vdd33
                0x4020ab50                system_phy_set_rfoption
                0x4020ab64                system_phy_set_powerup_option
                0x4020ab7c                system_update_cpu_freq
                0x4020abd8                system_get_cpu_freq
                0x4020abf0                system_overclock
                0x4020ac1c                system_restoreclock
                0x4020ac4c                system_timer_reinit
                0x4020ac64                system_relative_time
                0x4020ac88                system_station_got_ip_set
                0x4020adb4                system_print_meminfo
                0x4020ae14                system_get_free_heap_size
                0x4020ae28                system_get_chip_id
                0x4020ae4c                system_rtc_clock_cali_proc
                0x4020ae60                system_get_rtc_time
                0x4020ae74                system_mktime
                0x4020af44                system_init_done_cb
                0x4020af4c                system_get_rst_info
                0x4020af54                system_get_data_of_array_8
                0x4020af78                system_get_data_of_array_16
                0x4020afa0                system_get_string_from_flash
                0x4020b00c                wifi_softap_dhcps_start
                0x4020b054                wifi_softap_dhcps_stop
                0x4020b094                wifi_softap_dhcps_status
                0x4020b09c                wifi_station_dhcpc_start
                0x4020b0f4                wifi_station_dhcpc_stop
                0x4020b134                wifi_station_dhcpc_event
                0x4020b1a8                wifi_station_dhcpc_set_maxtry
                0x4020b1b8                wifi_station_dhcpc_status
                0x4020b238                wifi_get_opmode
                0x4020b24c                wifi_get_opmode_default
                0x4020b2c8                wifi_get_broadcast_if
                0x4020b304                wifi_set_broadcast_if
                0x4020b480                wifi_set_opmode
                0x4020b494                wifi_set_opmode_current
                0x4020b4a8                system_get_checksum
                0x4020b4f0                wifi_param_save_protect_with_check
                0x4020b5b0                system_param_save_with_protect
                0x4020b664                system_save_sys_param
                0x4020b690                system_param_load
                0x4020b7cc                wifi_station_get_config
                0x4020b7e0                wifi_station_get_config_default
                0x4020b800                wifi_station_get_ap_info
                0x4020b8b8                wifi_station_ap_number_set
                0x4020bd70                wifi_station_set_config
                0x4020bd88                wifi_station_set_config_current
                0x4020bda0                wifi_station_restore_config
                0x4020bdb8                wifi_station_get_current_ap_id
                0x4020bdcc                wifi_station_ap_check
                0x4020be1c                wifi_station_ap_change
                0x4020bf34                wifi_station_scan
                0x4020bf80                wifi_station_get_auto_connect
                0x4020bfa0                wifi_station_set_auto_connect
                0x4020c058                wifi_station_save_pmk2cache
                0x4020c188                wifi_station_save_bssid
                0x4020c228                wifi_station_connect
                0x4020c2bc                wifi_station_disconnect
                0x4020c37c                wifi_station_get_connect_status
                0x4020c3ac                wifi_station_set_reconnect_policy
                0x4020c3c4                wifi_station_get_reconnect_policy
                0x4020c3cc                wifi_station_get_rssi
                0x4020c41c                wifi_station_set_default_hostname
                0x4020c484                wifi_station_get_hostname
                0x4020c4b4                wifi_station_set_hostname
                0x4020c554                wifi_softap_cacl_mac
                0x4020c5c4                wifi_softap_set_default_ssid
                0x4020c7a4                wifi_softap_get_config
                0x4020c7b8                wifi_softap_get_config_default
                0x4020caf4                wifi_softap_set_config
                0x4020cb08                wifi_softap_set_config_current
                0x4020cb1c                wifi_softap_set_station_info
                0x4020cb8c                wifi_softap_get_station_info
                0x4020cc38                wifi_softap_free_station_info
                0x4020cc78                wifi_softap_get_station_num
                0x4020cccc                wifi_softap_deauth
                0x4020cd7c                wifi_softap_get_beacon_only_mode
                0x4020cd90                wifi_softap_set_beacon_only_mode
                0x4020cdf4                wifi_register_user_ie_manufacturer_recv_cb
                0x4020ce08                wifi_unregister_user_ie_manufacturer_recv_cb
                0x4020ce38                wifi_set_user_ie
                0x4020cf48                wifi_get_user_ie
                0x4020cf7c                wifi_get_phy_mode
                0x4020cf90                wifi_set_phy_mode
                0x4020d144                wifi_check_regdomain_param
                0x4020d1c8                wifi_regdomain_need_update
                0x4020d2a4                wifi_set_regdomain
                0x4020d3dc                wifi_get_regdomain
                0x4020d48c                wifi_set_sleep_type
                0x4020d4ac                wifi_enable_gpio_wakeup
                0x4020d4d8                wifi_disable_gpio_wakeup
                0x4020d4f0                wifi_get_sleep_type
                0x4020d508                wifi_get_channel
                0x4020d520                wifi_set_channel
                0x4020d578                wifi_promiscuous_set_mac
                0x4020d5d8                wifi_promiscuous_enable
                0x4020d6bc                wifi_set_promiscuous_rx_cb
                0x4020d6cc                wifi_get_ip_info
                0x4020d74c                wifi_set_ip_info
                0x4020d7c0                wifi_get_macaddr
                0x4020d820                wifi_set_macaddr
                0x4020d93c                wifi_enable_6m_rate
                0x4020d944                wifi_get_user_fixed_rate
                0x4020d964                wifi_set_user_fixed_rate
                0x4020d984                wifi_set_user_sup_rate
                0x4020d9c0                wifi_set_user_rate_limit
                0x4020d9e4                wifi_get_user_limit_rate_mask
                0x4020d9ec                wifi_set_user_limit_rate_mask
                0x4020da04                wifi_register_send_pkt_freedom_cb
                0x4020da18                wifi_unregister_send_pkt_freedom_cb
                0x4020da24                wifi_send_pkt_freedom
                0x4020da70                wifi_rfid_locp_recv_open
                0x4020da84                wifi_rfid_locp_recv_close
                0x4020da98                wifi_register_rfid_locp_recv_cb
                0x4020daac                wifi_unregister_rfid_locp_recv_cb
                0x4020dac4                wifi_status_led_install
                0x4020daf8                wifi_status_led_uninstall
                0x4020db1c                wifi_set_status_led_output_level
                0x4020db70                wifi_set_event_handler_cb
                0x4020dbb8                system_os_task
                0x4020dbf4                system_uart_swap
                0x4020dc54                system_uart_de_swap
                0x4020dc88                system_get_sdk_version
 *fill*         0x4020dc8d        0x3 
 .irom0.text    0x4020dc90      0x610 /home/pi/git/esp-open-sdk/sdk/lib/libmain.a(eagle_lib.o)
                                0x620 (size before relaxing)
                0x4020dc94                divide
                0x4020dcd0                skip_atoi
                0x4020de50                ets_vsnprintf
                0x4020e1b0                ets_vsprintf
                0x4020e1d4                ets_sprintf
                0x4020e1fc                ets_strcat
                0x4020e21c                ets_strrchr
                0x4020e248                ets_strchr
                0x4020e260                bit_popcount
                0x4020e27c                ets_snprintf
 .irom0.text    0x4020e2a0      0x31e /home/pi/git/esp-open-sdk/sdk/lib/libmain.a(eagle_lwip_if.o)
                                0x3e6 (size before relaxing)
                0x4020e358                eagle_lwip_if_alloc
                0x4020e518                eagle_lwip_if_free
                0x4020e59c                eagle_lwip_getif
 *fill*         0x4020e5be        0x2 
 .irom0.literal
                0x4020e5c0        0x0 /home/pi/git/Sming/Sming/compiler/lib//libmicroc.a(strchr.o)
                                  0x4 (size before relaxing)
 .irom0.literal
                0x4020e5c0        0xc /home/pi/git/Sming/Sming/compiler/lib//libmicroc.a(strchrnul.o)
 .irom0.literal
                0x4020e5cc        0x4 /home/pi/git/Sming/Sming/compiler/lib//libmicroc.a(malloc.o)
                                 0x14 (size before relaxing)
 .irom0.literal
                0x4020e5d0        0x4 /home/pi/git/Sming/Sming/compiler/lib//libmicroc.a(abort.o)
                                  0x8 (size before relaxing)
 .irom0.literal
                0x4020e5d4        0x0 /home/pi/git/Sming/Sming/compiler/lib//libmicroc.a(memchr.o)
                                  0x8 (size before relaxing)
 .irom0.literal
                0x4020e5d4        0x8 /home/pi/git/Sming/Sming/compiler/lib//libmicrogcc.a(_divsf3.o)
                                 0x10 (size before relaxing)
 .irom0.text    0x4020e5dc       0x25 /home/pi/git/Sming/Sming/compiler/lib//libmicroc.a(strchr.o)
                                 0x29 (size before relaxing)
                0x4020e5dc                strchr
 *fill*         0x4020e601        0x3 
 .irom0.text    0x4020e604       0x75 /home/pi/git/Sming/Sming/compiler/lib//libmicroc.a(strchrnul.o)
                0x4020e604                __strchrnul
                0x4020e604                strchrnul
 *fill*         0x4020e679        0x3 
 .irom0.text    0x4020e67c       0x65 /home/pi/git/Sming/Sming/compiler/lib//libmicroc.a(malloc.o)
                0x4020e67c                malloc
                0x4020e690                free
                0x4020e6a4                realloc
                0x4020e6b8                zalloc
                0x4020e6cc                calloc
 *fill*         0x4020e6e1        0x3 
 .irom0.text    0x4020e6e4       0x11 /home/pi/git/Sming/Sming/compiler/lib//libmicroc.a(abort.o)
                0x4020e6e4                abort
 *fill*         0x4020e6f5        0x3 
 .irom0.text    0x4020e6f8       0xfa /home/pi/git/esp-open-sdk/sdk/lib/libphy.a(phy.o)
                                0x11e (size before relaxing)
                0x4020e6fc                rf_init
                0x4020e718                bb_init
                0x4020e730                phy_init
                0x4020e760                RFChannelSel
                0x4020e77c                phy_delete_channel
                0x4020e794                phy_enable_agc
                0x4020e7ac                phy_disable_agc
                0x4020e7c4                phy_initialize_bb
                0x4020e7dc                phy_set_sense
 *fill*         0x4020e7f2        0x2 
 .irom0.text    0x4020e7f4     0x1777 /home/pi/git/esp-open-sdk/sdk/lib/libphy.a(phy_chip_v6_ana.o)
                               0x197f (size before relaxing)
                0x4020e7f8                ram_pbus_set_rxgain
                0x4020e8d0                ram_pbus_debugmode
                0x4020e984                ram_pbus_xpd_tx_on
                0x4020e9f0                set_rf_freq_offset
                0x4020ea60                chip_v6_rxmax_ext_ana
                0x4020ebb4                ram_chip_v6_rx_init
                0x4020ebe8                tsen_meas
                0x4020ec98                readvdd33
                0x4020ee64                txpwr_offset
                0x4020ef20                set_txcap_reg
                0x4020efa0                ram_ana_inf_gating_en
                0x4020f100                ram_restart_cal
                0x4020f16c                wait_rfpll_cal_end
                0x4020f200                ram_rfpll_set_freq
                0x4020f308                ram_set_channel_freq
                0x4020f604                chip_60_set_channel
                0x4020f7a4                chip_v6_set_chan_offset
                0x4020f804                chip_v6_set_chan
                0x4020f8b4                chip_v6_set_chan_wakeup
                0x4020f938                chip_v6_rf_init
                0x4020fb9c                low_power_set
                0x4020fbec                test_tout
                0x4020fd64                check_data_flag
                0x4020fd84                phy_get_check_flag
                0x4020feb8                phy_get_vdd33
 *fill*         0x4020ff6b        0x1 
 .irom0.text    0x4020ff6c     0x3e5c /home/pi/git/esp-open-sdk/sdk/lib/libphy.a(phy_chip_v6.o)
                               0x44fc (size before relaxing)
                0x4020ff6c                ram_tx_mac_enable
                0x4020ff70                ram_tx_mac_disable
                0x4020ff74                rtc_mem_backup
                0x4020ffa4                rtc_mem_recovery
                0x4020ffd4                set_cal_rxdc
                0x40210088                set_rx_gain_cal_iq
                0x402103e4                gen_rx_gain_table
                0x4021053c                pbus_set_rxbbgain
                0x402105bc                set_rx_gain_testchip_50
                0x402108f0                ram_get_corr_power
                0x402109e0                check_data_func
                0x40210a00                do_noisefloor_lsleep_v50
                0x40210a34                do_noisefloor
                0x40210aa4                start_dig_rx
                0x40210ae8                stop_dig_rx
                0x40210b14                chip_v6_set_chanfreq
                0x40210b44                tx_cap_init
                0x40210d6c                target_power_add_backoff
                0x40210d98                tx_pwctrl_init_cal
                0x40210f38                tx_atten_set_interp
                0x40211198                check_tx_pwr_cal
                0x402112dc                tx_pwctrl_init
                0x40211400                ram_get_noisefloor
                0x4021141c                get_noisefloor_sat
                0x4021144c                ram_set_noise_floor
                0x402114a8                ram_start_noisefloor
                0x402114f4                read_hw_noisefloor
                0x40211520                noise_check_loop
                0x4021167c                noise_init
                0x4021187c                target_power_backoff
                0x402118d0                sdt_on_noise_start
                0x40211950                chip_v6_set_chan_rx_cmp
                0x40211adc                chip_v6_set_chan_misc
                0x40211b70                phy_dig_spur_set
                0x40211ec8                phy_dig_spur_prot
                0x40212100                chip_v6_rxmax_ext_dig
                0x4021214c                chip_v6_rxmax_ext
                0x402121fc                phy_bb_rx_cfg
                0x40212614                uart_wait_idle
                0x4021264c                phy_pbus_soc_cfg
                0x40212704                phy_gpio_cfg
                0x4021291c                tx_cont_en
                0x402129c4                tx_cont_dis
                0x40212a18                tx_cont_cfg
                0x40212a38                chip_v6_initialize_bb
                0x40212b9c                periodic_cal
                0x40212bd4                bbpll_cal
                0x40212c7c                periodic_cal_top
                0x40212ce0                register_chipv6_phy_init_param
                0x40212f88                change_bbpll160_sleep
                0x40213138                change_bbpll160
                0x40213170                set_crystal_uart
                0x40213204                ant_switch_init
                0x402132b4                reduce_current_init
                0x402133a0                rtc_mem_check
                0x402133dc                phy_afterwake_set_rfoption
                0x402133f8                deep_sleep_set_option
                0x40213424                write_data_to_rtc
                0x4021345c                get_data_from_rtc
                0x402134e0                register_chipv6_phy
                0x40213978                set_dpd_bypass
                0x402139a0                set_rf_gain_stage10
                0x402139d0                get_vdd33_offset
                0x40213a44                get_phy_target_power
                0x40213af4                set_most_pwr_reg
                0x40213bc8                phy_set_most_tpw
                0x40213be8                phy_vdd33_set_tpw
                0x40213c00                get_adc_rand
                0x40213c34                phy_get_rand
                0x40213c50                phy_tx_pwctrl_cali
                0x40213c78                phy_check_data_table
                0x40213cb4                phy_after_init_enrx
                0x40213d18                phy_set_rx11b_reg
                0x40213d4c                phy_set_powerup_option
                0x40213d5c                phy_get_txpwr_param
                0x40213da8                phy_get_rxnf_param
                0x40213db4                phy_get_freq_param
 .irom0.text    0x40213dc8     0x21a8 /home/pi/git/esp-open-sdk/sdk/lib/libphy.a(phy_chip_v6_cal.o)
                               0x23d4 (size before relaxing)
                0x40213dc8                txbbgain2dcoindex
                0x40213de8                dcoindex2txbbgain
                0x40213e0c                init_cal_dcoffset
                0x40213ed0                set_rfanagain_dc_reg
                0x40213f6c                set_txdc_pbus
                0x40213fd8                get_rf_gain_qdb
                0x40214000                correct_rf_ana_gain
                0x40214108                get_sar_dout
                0x40214198                cal_rf_ana_gain
                0x402142b0                meas_tone_pwr_db
                0x40214320                tx_pwr_backoff
                0x402144d4                get_fcc_1m2m_pwr_offset
                0x40214510                ram_set_txbb_atten
                0x402145a4                txiq_get_mis_pwr
                0x4021464c                txiq_cover
                0x40214868                ram_rfcal_txiq
                0x40214ad8                rc_cal
                0x40214c98                get_target_power_offset
                0x40214da0                get_pwctrl_correct
                0x40214df8                tx_pwctrl_cal
                0x402150f4                tx_pwctrl_bg_init
                0x4021516c                tx_pwctrl_background
                0x40215224                read_sar_dout
                0x40215288                ram_get_fm_sar_dout
                0x4021532c                ram_cal_tos_v60
                0x402154fc                ram_get_bb_atten
                0x4021552c                ram_rfcal_txcap
                0x402156f0                ram_rfcal_pwrctrl
                0x4021592c                ram_rxiq_get_mis
                0x40215afc                ram_rxiq_cover_mg_mp
                0x40215ca0                ram_rfcal_rxiq
                0x40215eac                dpd_scale_set
                0x40215ef4                dpd_mem_write
 .irom0.text    0x40215f70      0xc8e /home/pi/git/esp-open-sdk/sdk/lib/libphy.a(phy_sleep.o)
                                0xe9a (size before relaxing)
                0x40215f70                pm_usec2rtc
                0x40215fa4                pm_rtc2usec
                0x40215fb4                pm_set_sleep_cycles
                0x40215fdc                pm_sleep_opt
                0x40216130                pm_wakeup_opt
                0x40216168                get_chip_version
                0x402161a8                pm_sleep_opt_bb_off
                0x402161f4                pm_sleep_opt_bb_on
                0x40216248                pm_set_pll_xtal_wait_time
                0x40216274                pm_prepare_to_sleep
                0x4021627c                pm_sdio_nidle
                0x402162f0                chg_lslp_mem_opt_8266
                0x40216310                pm_wait4wakeup
                0x4021634c                pm_open_rf
                0x40216390                pm_sleep_set_mac
                0x40216414                pm_set_wakeup_mac
                0x402164ac                pm_check_mac_idle
                0x40216504                pm_set_sleep_btco
                0x402165a4                pm_set_wakeup_btco
                0x402166bc                pm_set_sleep_mode
                0x402167dc                pm_unmask_bt
                0x40216848                pm_wakeup_init
                0x40216aa4                sleep_opt_8266
                0x40216ac4                sleep_opt_bb_on_8266
                0x40216afc                sleep_reset_analog_rtcreg_8266
 *fill*         0x40216bfe        0x2 
 .irom0.text    0x40216c00      0x48d /home/pi/git/esp-open-sdk/sdk/lib/libpp.a(if_hwctrl.o)
                                0x5bd (size before relaxing)
                0x40216c20                ic_get_addr
                0x40216c2c                ic_set_opmode
                0x40216c40                ic_enable_interface
                0x40216c90                ic_interface_enabled
                0x40216ca4                ic_disable_interface
                0x40216cec                ic_is_pure_sta
                0x40216d08                ic_get_ptk_alg
                0x40216d18                ic_get_gtk_alg
                0x40216d28                ic_set_ptk_alg
                0x40216d38                ic_set_gtk_alg
                0x40216d48                ic_interface_is_p2p
                0x40216de0                ic_set_vif
                0x40216e9c                ic_set_sta
                0x40216f9c                ic_bss_info_update
                0x40216ff8                ic_set_key
                0x40217054                ic_remove_key
                0x40217068                ic_get_rssi
 *fill*         0x4021708d        0x3 
 .irom0.text    0x40217090      0x100 /home/pi/git/esp-open-sdk/sdk/lib/libpp.a(lmac.o)
                                0x118 (size before relaxing)
                0x40217094                lmacInitAc
                0x402170c8                lmacInit
                0x40217174                lmacSetRetryLimit
 .irom0.text    0x40217190     0x1a9d /home/pi/git/esp-open-sdk/sdk/lib/libpp.a(pm.o)
                               0x2045 (size before relaxing)
                0x40217194                pm_set_gpio_wakeup_pin
                0x402171cc                pm_clear_gpio_wakeup_pin
                0x402171dc                pm_is_gpio_int_trig
                0x402171f0                pm_rtc_clock_cali_proc
                0x40217228                pm_get_ck170_period
                0x4021724c                pm_set_sleep_time
                0x402175c0                pm_rf_is_closed
                0x402175f0                pm_set_sleep_type_from_upper
                0x402176e0                pm_get_sleep_type
                0x4021789c                uart_tx_flush
                0x402178a0                pm_suspend
                0x40217ac4                pm_shutdown
                0x40217ba4                pm_reset_idle_sleep
                0x40217be4                pm_idle_sleep
                0x40217bf4                pm_open
                0x40217cf8                pm_onBcnRx
                0x4021808c                StopLightSleepSetFunc
                0x40218094                LightSleepWakedCbSetFunc
                0x40218664                pm_enable_gpio_wakeup
                0x402186a0                pm_attach
                0x40218798                pm_send_nullfunc
                0x4021893c                pm_is_waked
                0x40218954                pm_is_open
                0x4021896c                pm_scan_lock
                0x40218994                pm_try_scan_unlock
                0x402189ac                pm_force_scan_unlock
                0x40218a50                pm_scan_unlocked
                0x40218a64                pm_allow_tx
                0x40218a80                pm_assoc_parse
                0x40218a98                pm_set_addr
                0x40218ab8                pm_sleep_for
                0x40218ae8                pm_post
                0x40218bec                pm_get_idle_wait_time
 *fill*         0x40218c2d        0x3 
 .irom0.text    0x40218c30      0xb38 /home/pi/git/esp-open-sdk/sdk/lib/libpp.a(pm_for_bcn_only_mode.o)
                                0xee4 (size before relaxing)
                0x40218c44                wifi_fpm_set_sleep_type
                0x40218c44                fpm_set_type_from_upper
                0x40218d00                wifi_fpm_get_sleep_type
                0x40218d00                fpm_get_slp_type
                0x40218d08                fpm_rf_is_closed
                0x40218d1c                fpm_is_open
                0x40218d28                fpm_allow_tx
                0x40218d50                wifi_fpm_close
                0x40218d50                fpm_close
                0x40218de0                wifi_fpm_open
                0x40218de0                fpm_open
                0x40218e64                fpm_attach
                0x40219014                wifi_fpm_set_wakeup_cb
                0x40219014                fpm_set_wakeup_cb
                0x40219150                wifi_fpm_do_wakeup
                0x40219150                fpm_do_wakeup
                0x40219680                fpm_do_sleep
                0x40219680                wifi_fpm_do_sleep
                0x40219720                fpm_auto_sleep_set_in_null_mode
                0x40219720                wifi_fpm_auto_sleep_set_in_null_mode
                0x40219760                get_fpm_auto_sleep_flag
 .irom0.text    0x40219768     0x15be /home/pi/git/esp-open-sdk/sdk/lib/libpp.a(pp.o)
                               0x19a2 (size before relaxing)
                0x40219774                PPWdtReset
                0x402197a8                pp_soft_wdt_init
                0x402197c8                system_soft_wdt_feed
                0x402197c8                pp_soft_wdt_feed
                0x402197e4                pp_soft_wdt_stop
                0x402197e4                system_soft_wdt_stop
                0x40219810                pp_soft_wdt_restart
                0x40219810                system_soft_wdt_restart
                0x40219848                RxNodeNum
                0x40219860                TxNodeNum
                0x40219884                pp_disable_noise_timer
                0x402198a4                pp_enable_noise_timer
                0x402199b4                pp_noise_test
                0x402199c4                reset_noise_timer
                0x402199fc                pp_disable_idle_timer
                0x40219a20                pp_enable_idle_timer
                0x40219a48                pp_try_enable_idle_timer
                0x40219a84                ppPeocessRxPktHdr
                0x40219db8                HdlAllBuffedEb
                0x40219e40                ppTxPkt
                0x40219fb8                ppProcessWaitQ
                0x40219fc8                ppRegisterTxCallback
                0x40219ff0                ppUnregisterTxCallback
                0x4021a024                ppRecycleRxPkt
                0x4021a084                ppCheckTxIdle
                0x4021a300                pp_tx_idle_timeout
                0x4021a4c4                DefFreqCalTimerCB
                0x4021a840                ppGetTxQFirstAvail_Locked
                0x4021a920                pp_attach
 *fill*         0x4021ad26        0x2 
 .irom0.text    0x4021ad28      0x296 /home/pi/git/esp-open-sdk/sdk/lib/libpp.a(rate_control.o)
                                0x2a2 (size before relaxing)
                0x4021af74                RC_SetBasicRate
 *fill*         0x4021afbe        0x2 
 .irom0.text    0x4021afc0      0x5e9 /home/pi/git/esp-open-sdk/sdk/lib/libpp.a(trc.o)
                                0x64d (size before relaxing)
                0x4021afc0                phytype2mode
                0x4021afdc                rc_set_rate_limit_id
                0x4021b0f8                rcUpdatePhyMode
                0x4021b2c4                rcAttach
                0x4021b310                rcGetTrc
                0x4021b318                trc_onDisconnect
                0x4021b31c                trc_onScanStart
                0x4021b330                trc_onScanDone
                0x4021b34c                rc_enable_trc
                0x4021b424                rc_get_mask
                0x4021b438                rc_disable_trc
                0x4021b48c                rc_disable_trc_by_interface
                0x4021b4a8                rc_get_sta_trc
                0x4021b4ec                rc_get_trc
                0x4021b55c                rc_get_trc_by_index
                0x4021b57c                rc_only_sta_trc
 *fill*         0x4021b5a9        0x3 
 .irom0.text    0x4021b5ac      0xbcb /home/pi/git/esp-open-sdk/sdk/lib/libpp.a(wdev.o)
                                0xd43 (size before relaxing)
                0x4021b5b8                wDev_Option_Init
                0x4021b6ac                wDev_Enable_Beacon_Tsf
                0x4021b6c8                wDev_Disable_Beacon_Tsf
                0x4021b6e4                wDev_Set_Beacon_Int
                0x4021b6ec                wDev_Reset_TBTT
                0x4021b71c                wDev_Get_Next_TBTT
                0x4021b998                wDev_Initialize
                0x4021ba08                wDevForceAck6M
                0x4021ba24                wDev_SetMacAddress
                0x4021bac0                wDev_SetRxPolicy
                0x4021bb14                wDev_EnableUcRx
                0x4021bb40                wDev_DisableUcRx
                0x4021bb6c                wDev_SetBssid
                0x4021bc44                wDev_ClearBssid
                0x4021bc78                wDev_Is_Mac_Key_Exist
                0x4021bd04                wDev_Insert_KeyEntry
                0x4021bdf4                wDev_remove_KeyEntry
                0x4021be30                wDev_remove_KeyEntry_all_cnx
                0x4021be78                wDev_Crypto_Conf
                0x4021bf14                wDev_Crypto_Disable
                0x4021bf4c                wDevEnableRx
                0x4021bf74                wdev_go_sniffer
                0x4021c050                wdev_set_sniffer_addr
                0x4021c0a8                wdev_exit_sniffer
 *fill*         0x4021c177        0x1 
 .irom0.text    0x4021c178      0x3ed /home/pi/git/esp-open-sdk/sdk/lib/libpp.a(esf_buf.o)
                                0x4c1 (size before relaxing)
                0x4021c180                esf_buf_alloc
                0x4021c368                esf_buf_recycle
                0x4021c4a8                esf_buf_setup
 *fill*         0x4021c565        0x3 
 .irom0.text    0x4021c568      0x479 /home/pi/git/esp-open-sdk/sdk/lib/libnet80211.a(ieee80211.o)
                                0x545 (size before relaxing)
                0x4021c5ec                ieee80211_rate_ref_init
                0x4021c604                ieee80211_freedom_inside_cb
                0x4021c634                ieee80211_freedom_init
                0x4021c658                ieee80211_user_ie_init
                0x4021c674                ieee80211_ifattach
                0x4021c6d8                ieee80211_mhz2ieee
                0x4021c734                ieee80211_chan2ieee
                0x4021c750                ieee80211_ieee2mhz
                0x4021c790                ieee80211_find_channel
                0x4021c7bc                ieee80211_find_channel_byieee
                0x4021c80c                wifi_mode_set
 *fill*         0x4021c9e1        0x3 
 .irom0.text    0x4021c9e4       0xcf /home/pi/git/esp-open-sdk/sdk/lib/libnet80211.a(ieee80211_crypto.o)
                                 0xd7 (size before relaxing)
                0x4021c9e4                ieee80211_crypto_attach
                0x4021c9e8                ieee80211_crypto_available
                0x4021c9ec                ieee80211_crypto_setkey
                0x4021c9f0                ieee80211_crypto_encap
                0x4021ca48                ieee80211_crypto_decap
 *fill*         0x4021cab3        0x1 
 .irom0.text    0x4021cab4       0x4c /home/pi/git/esp-open-sdk/sdk/lib/libnet80211.a(ieee80211_ets.o)
                                 0x50 (size before relaxing)
                0x4021cab8                ieee80211_getmgtframe
 .irom0.text    0x4021cb00     0x19f8 /home/pi/git/esp-open-sdk/sdk/lib/libnet80211.a(ieee80211_hostap.o)
                               0x1f3b (size before relaxing)
                0x4021d144                ieee80211_hostap_attach
                0x4021d240                hostap_handle_timer
                0x4021d2d8                hostap_input
                0x4021e1d8                wifi_softap_start
                0x4021e35c                wifi_softap_stop
 *fill*         0x4021e4f8        0x0 
 .irom0.text    0x4021e4f8      0xa62 /home/pi/git/esp-open-sdk/sdk/lib/libnet80211.a(ieee80211_ht.o)
                                0xb36 (size before relaxing)
                0x4021e508                ieee80211_ht_attach
                0x4021e558                ieee80211_ht_node_init
                0x4021e598                ieee80211_ht_node_cleanup
                0x4021e5d0                ieee80211_parse_htcap
                0x4021e6b4                ieee80211_ht_updateparams
                0x4021e7c4                ieee80211_setup_htrates
                0x4021e890                ieee80211_setup_basic_htrates
                0x4021ebc8                ieee80211_add_htcap
                0x4021ebe4                ieee80211_add_htcap_vendor
                0x4021ed04                ieee80211_add_htinfo
                0x4021ed20                ieee80211_add_htinfo_vendor
 *fill*         0x4021ef5a        0x2 
 .irom0.text    0x4021ef5c      0xae0 /home/pi/git/esp-open-sdk/sdk/lib/libnet80211.a(ieee80211_input.o)
                                0xb70 (size before relaxing)
                0x4021ef5c                ieee80211_deliver_data
                0x4021efb0                ieee80211_decap
                0x4021f0b4                ieee80211_setup_rates
                0x4021f124                ieee80211_alloc_challenge
                0x4021f164                ieee80211_parse_beacon
                0x4021f788                ieee80211_parse_wpa
                0x4021f89c                ieee80211_parse_rsn
                0x4021f99c                ieee80211_parse_action
                0x4021fa38                ieee80211_setup_rateset
 .irom0.text    0x4021fa3c      0x2a6 /home/pi/git/esp-open-sdk/sdk/lib/libnet80211.a(ieee80211_mesh_quick.o)
                                0x302 (size before relaxing)
                0x4021fa48                ieee80211_mesh_quick_init
                0x4021fab8                ieee80211_mesh_quick_deinit
                0x4021fae8                ieee80211_mesh_quick_set
                0x4021fbe4                ieee80211_mesh_quick_get
                0x4021fcb0                ieee80211_mesh_quick_ie_add
 *fill*         0x4021fce2        0x2 
 .irom0.text    0x4021fce4     0x1e44 /home/pi/git/esp-open-sdk/sdk/lib/libnet80211.a(ieee80211_output.o)
                               0x220c (size before relaxing)
                0x4021fce8                ieee80211_output_pbuf
                0x4021ff58                ieee80211_send_setup
                0x4022008c                ieee80211_mgmt_output
                0x40220174                ieee80211_tx_mgt_cb
                0x40220178                ieee80211_send_nulldata
                0x402205e8                ieee80211_add_rates
                0x40220638                ieee80211_add_xrates
                0x40220768                ieee80211_send_probereq
                0x402209d8                ieee80211_getcapinfo
                0x40220a34                ieee80211_send_mgmt
                0x40220fe0                ieee80211_alloc_proberesp
                0x40221248                ieee80211_send_proberesp
                0x40221390                ieee80211_alloc_deauth
                0x402213d0                ieee80211_send_deauth
                0x4022150c                ieee80211_freedom_output
                0x4022194c                ieee80211_beacon_alloc
 .irom0.text    0x40221b28       0xe0 /home/pi/git/esp-open-sdk/sdk/lib/libnet80211.a(ieee80211_phy.o)
                                0x108 (size before relaxing)
                0x40221b28                ieee80211_phy_init
                0x40221b5c                ieee80211_phy_type_get
                0x40221b78                ieee80211_setup_ratetable
 .irom0.text    0x40221c08      0x1b6 /home/pi/git/esp-open-sdk/sdk/lib/libnet80211.a(ieee80211_power.o)
                                0x1f2 (size before relaxing)
                0x40221c08                ieee80211_psq_init
                0x40221c28                ieee80211_psq_cleanup
                0x40221c30                ieee80211_set_tim
                0x40221c70                ieee80211_pwrsave
                0x40221cd8                pwrsave_flushq
                0x40221d88                ieee80211_node_pwrsave
 *fill*         0x40221dbe        0x2 
 .irom0.text    0x40221dc0      0x121 /home/pi/git/esp-open-sdk/sdk/lib/libnet80211.a(ieee80211_proto.o)
                                0x159 (size before relaxing)
                0x40221dc4                ieee80211_proto_attach
                0x40221dec                ieee80211_set_shortslottime
                0x40221e08                ieee80211_iserp_rateset
                0x40221e3c                ieee80211_wme_initparams
                0x40221e40                ieee80211_wme_updateparams
                0x40221e48                ieee80211_mlme_connect_bss
 *fill*         0x40221ee1        0x3 
 .irom0.text    0x40221ee4      0x1bc /home/pi/git/esp-open-sdk/sdk/lib/libnet80211.a(ieee80211_regdomain.o)
                                0x1dc (size before relaxing)
                0x40221ee4                ieee80211_regdomain_attach
                0x40221eec                ieee80211_regdomain_detach
                0x40221f14                ieee80211_alloc_countryie
                0x40221fb4                ieee80211_chan_in_regdomain
                0x40221ff8                ieee80211_update_regdomain
 .irom0.text    0x402220a0       0xaa /home/pi/git/esp-open-sdk/sdk/lib/libnet80211.a(ieee80211_rfid.o)
                                 0xd6 (size before relaxing)
                0x402220a0                ieee80211_rfid_locp_recv_open
                0x402220d8                ieee80211_rfid_locp_recv_close
                0x402220f0                ieee80211_rfid_locp_recv_reset
                0x40222110                ieee80211_rfid_locp_recv
                0x4022212c                register_ieee80211_rfid_locp_recv_cb
                0x40222140                unregister_ieee80211_rfid_locp_recv_cb
 *fill*         0x4022214a        0x2 
 .irom0.text    0x4022214c      0xf4d /home/pi/git/esp-open-sdk/sdk/lib/libnet80211.a(ieee80211_scan.o)
                               0x129d (size before relaxing)
                0x40222158                ieee80211_scan_attach
                0x402221ec                scan_start
                0x402223ac                scan_pm_channel_op_cb
                0x4022254c                scan_cancel
                0x402226a8                scan_add_bssid
                0x402226cc                scan_remove_bssid
                0x402226d8                scan_hidden_ssid
                0x402226e0                scan_add_probe_ssid
                0x40222734                scan_remove_probe_ssid
                0x40222870                scan_clear_channles
                0x402228e4                scan_set_desChan
                0x402228f0                scan_get_type
                0x402228f8                cannel_scan_connect_state
                0x40222910                scan_connect_state
                0x40222958                scan_check_hidden
                0x40222984                scan_profile_check
                0x40222d28                scan_parse_beacon
 *fill*         0x40223099        0x3 
 .irom0.text    0x4022309c     0x10f9 /home/pi/git/esp-open-sdk/sdk/lib/libnet80211.a(ieee80211_sta.o)
                               0x139d (size before relaxing)
                0x402230f8                sta_status_set
                0x40223164                ieee80211_sta_new_state
                0x402234f4                sta_input
                0x40223a40                ieee80211_parse_wmeparams
                0x402240e0                wifi_station_start
                0x40224154                wifi_station_stop
 *fill*         0x40224195        0x3 
 .irom0.text    0x40224198      0x2aa /home/pi/git/esp-open-sdk/sdk/lib/libnet80211.a(wl_chm.o)
                                0x32e (size before relaxing)
                0x402241a4                chm_init
                0x40224214                chm_acquire_lock
                0x40224258                chm_release_lock
                0x4022426c                chm_start_op
                0x40224310                chm_end_op
                0x40224358                chm_cancel_op
                0x4022438c                chm_return_home_channel
                0x402243bc                chm_set_current_channel
                0x402243ec                chm_freq2index
                0x40224414                chm_check_same_channel
 *fill*         0x40224442        0x2 
 .irom0.text    0x40224444     0x193d /home/pi/git/esp-open-sdk/sdk/lib/libnet80211.a(wl_cnx.o)
                               0x1f2d (size before relaxing)
                0x40224450                cnx_attach
                0x40224490                cnx_sta_connect_led_timer_cb
                0x402244e4                cnx_sta_connect_cmd
                0x402245c0                cnx_sta_scan_cmd
                0x40224828                cnx_connect_timeout
                0x402248a4                cnx_auth_timeout
                0x402248c8                cnx_assoc_timeout
                0x402248ec                cnx_handshake_timeout
                0x4022492c                cnx_start_handoff_cb
                0x40224ac4                cnx_csa_fn
                0x40224ed0                cnx_bss_alloc
                0x40224f70                cnx_rc_search
                0x40224ff0                cnx_add_rc
                0x4022505c                cnx_remove_all_rc
                0x402250a8                cnx_remove_rc
                0x40225178                cnx_rc_update_rssi
                0x40225200                cnx_rc_update_state_metric
                0x4022526c                cnx_rc_update_age
                0x40225290                cnx_update_bss
                0x402252c4                cnx_update_bss_more
                0x402254b0                cnx_sta_leave
                0x40225744                cnx_sta_associated
                0x4022584c                cnx_node_alloc
                0x402258c0                cnx_node_remove
                0x4022594c                cnx_node_search
                0x402259c8                cnx_node_leave
                0x40225ac8                wifi_softap_staconnected_event_policy
                0x40225af0                wifi_softap_toomany_deny
                0x40225b2c                cnx_node_join
 *fill*         0x40225d81        0x3 
 .irom0.text    0x40225d84      0x16f /home/pi/git/esp-open-sdk/sdk/lib/libnet80211.a(ieee80211_action.o)
                                0x193 (size before relaxing)
                0x40225d94                ieee80211_send_action_register
                0x40225dc8                ieee80211_send_action_unregister
                0x40225ddc                ieee80211_send_action
                0x40225e48                ieee80211_recv_action_register
                0x40225e7c                ieee80211_recv_action_unregister
                0x40225e90                ieee80211_recv_action
 *fill*         0x40225ef3        0x1 
 .irom0.text    0x40225ef4      0x568 /home/pi/git/esp-open-sdk/sdk/lib/libnet80211.a(ieee80211_action_vendor.o)
                                0x5fc (size before relaxing)
                0x40225ef4                ieee80211_avs_fetch_key_idx
                0x40225f48                ieee80211_avs_clear_key_idx
                0x40225f70                get_iav_key
                0x40225f94                register_ieee80211_action_vendor_get_key_cb
                0x40225fac                unregister_ieee80211_action_vendor_get_key_cb
                0x40225fc0                ieee80211_add_action_vendor_spec_esp
                0x40226004                ieee80211_alloc_action_vendor_spec
                0x402260f4                ieee80211_send_action_vendor_spec
                0x402262a4                ieee80211_recv_action_vendor_spec
                0x40226400                ieee80211_action_vendor_spec_attach
                0x40226438                register_ieee80211_action_vendor_spec_cb
                0x40226450                unregister_ieee80211_action_vendor_spec_cb
 .irom0.text    0x4022645c      0x15d /home/pi/git/esp-open-sdk/sdk/lib/libnet80211.a(ieee80211_crypto_ccmp.o)
                                0x165 (size before relaxing)
 *fill*         0x402265b9        0x3 
 .irom0.text    0x402265bc      0x24d /home/pi/git/esp-open-sdk/sdk/lib/libnet80211.a(ieee80211_ie_vendor.o)
                                0x26d (size before relaxing)
                0x402265c0                ieee80211_add_ie_vendor_esp_head
                0x402265f8                ieee80211_add_ie_vendor_esp_mesh_assoc
                0x4022667c                ieee80211_add_ie_vendor_esp_mesh_group
                0x402266b0                ieee80211_add_ie_vendor_esp_simple_pair
                0x4022670c                ieee80211_add_ie_vendor_esp_freq_annon
                0x40226744                ieee80211_add_ie_vendor_esp_now
                0x4022677c                ieee80211_add_ie_vendor_esp_ssid
                0x402267bc                ieee80211_add_ie_vendor_esp_manufacturer
 *fill*         0x40226809        0x3 
 .irom0.text    0x4022680c     0x146a /home/pi/git/esp-open-sdk/sdk/lib/liblwip.a(dhcp.o)
                               0x1666 (size before relaxing)
                0x40226a88                dhcp_coarse_tmr
                0x40226ad4                dhcp_fine_tmr
                0x40226d2c                dhcp_set_struct
                0x40226d54                dhcp_cleanup
                0x40226d80                dhcp_start
                0x40226e38                dhcp_inform
                0x40226ee4                dhcp_network_changed
                0x40226f2c                dhcp_arp_reply
                0x40227228                dhcp_renew
                0x40227554                dhcp_release
                0x40227614                dhcp_stop
 *fill*         0x40227c76        0x2 
 .irom0.text    0x40227c78      0xe0a /home/pi/git/esp-open-sdk/sdk/lib/liblwip.a(dhcpserver.o)
                               0x104a (size before relaxing)
                0x40227c78                node_insert_to_list
                0x40227cb0                node_remove_from_list
                0x402283c0                dhcps_start
                0x40228428                dhcps_stop
                0x402284ac                wifi_softap_set_dhcps_lease
                0x40228598                wifi_softap_get_dhcps_lease
                0x40228638                dhcps_coarse_tmr
                0x402286ac                wifi_softap_set_dhcps_offer_option
                0x402286f0                wifi_softap_set_dhcps_lease_time